Archive member included to satisfy reference by file (symbol)

c:/users/rob/appdata/local/arduino15/packages/cubecell/tools/gcc-arm-none-eabi/8-2019-q3/bin/../lib/gcc/arm-none-eabi/5.4.1/../../../../arm-none-eabi/lib/armv6-m\libm.a(lib_a-w_log.o)
                              c:\Users\Rob\Documents\GitHub\Air-Quality-Kit\Firmware\Sources\Heltec Cube\build\libraries\Sensor_ThirdParty\SHT2x.cpp.o (log)
c:/users/rob/appdata/local/arduino15/packages/cubecell/tools/gcc-arm-none-eabi/8-2019-q3/bin/../lib/gcc/arm-none-eabi/5.4.1/../../../../arm-none-eabi/lib/armv6-m\libm.a(lib_a-w_pow.o)
                              c:\Users\Rob\Documents\GitHub\Air-Quality-Kit\Firmware\Sources\Heltec Cube\build\libraries\Sensor_ThirdParty\BME280.cpp.o (pow)
c:/users/rob/appdata/local/arduino15/packages/cubecell/tools/gcc-arm-none-eabi/8-2019-q3/bin/../lib/gcc/arm-none-eabi/5.4.1/../../../../arm-none-eabi/lib/armv6-m\libm.a(lib_a-e_log.o)
                              c:/users/rob/appdata/local/arduino15/packages/cubecell/tools/gcc-arm-none-eabi/8-2019-q3/bin/../lib/gcc/arm-none-eabi/5.4.1/../../../../arm-none-eabi/lib/armv6-m\libm.a(lib_a-w_log.o) (__ieee754_log)
c:/users/rob/appdata/local/arduino15/packages/cubecell/tools/gcc-arm-none-eabi/8-2019-q3/bin/../lib/gcc/arm-none-eabi/5.4.1/../../../../arm-none-eabi/lib/armv6-m\libm.a(lib_a-e_pow.o)
                              c:/users/rob/appdata/local/arduino15/packages/cubecell/tools/gcc-arm-none-eabi/8-2019-q3/bin/../lib/gcc/arm-none-eabi/5.4.1/../../../../arm-none-eabi/lib/armv6-m\libm.a(lib_a-w_pow.o) (__ieee754_pow)
c:/users/rob/appdata/local/arduino15/packages/cubecell/tools/gcc-arm-none-eabi/8-2019-q3/bin/../lib/gcc/arm-none-eabi/5.4.1/../../../../arm-none-eabi/lib/armv6-m\libm.a(lib_a-e_sqrt.o)
                              c:/users/rob/appdata/local/arduino15/packages/cubecell/tools/gcc-arm-none-eabi/8-2019-q3/bin/../lib/gcc/arm-none-eabi/5.4.1/../../../../arm-none-eabi/lib/armv6-m\libm.a(lib_a-e_pow.o) (__ieee754_sqrt)
c:/users/rob/appdata/local/arduino15/packages/cubecell/tools/gcc-arm-none-eabi/8-2019-q3/bin/../lib/gcc/arm-none-eabi/5.4.1/../../../../arm-none-eabi/lib/armv6-m\libm.a(lib_a-s_fabs.o)
                              c:/users/rob/appdata/local/arduino15/packages/cubecell/tools/gcc-arm-none-eabi/8-2019-q3/bin/../lib/gcc/arm-none-eabi/5.4.1/../../../../arm-none-eabi/lib/armv6-m\libm.a(lib_a-e_pow.o) (fabs)
c:/users/rob/appdata/local/arduino15/packages/cubecell/tools/gcc-arm-none-eabi/8-2019-q3/bin/../lib/gcc/arm-none-eabi/5.4.1/../../../../arm-none-eabi/lib/armv6-m\libm.a(lib_a-s_finite.o)
                              c:/users/rob/appdata/local/arduino15/packages/cubecell/tools/gcc-arm-none-eabi/8-2019-q3/bin/../lib/gcc/arm-none-eabi/5.4.1/../../../../arm-none-eabi/lib/armv6-m\libm.a(lib_a-w_pow.o) (finite)
c:/users/rob/appdata/local/arduino15/packages/cubecell/tools/gcc-arm-none-eabi/8-2019-q3/bin/../lib/gcc/arm-none-eabi/5.4.1/../../../../arm-none-eabi/lib/armv6-m\libm.a(lib_a-s_lib_ver.o)
                              c:/users/rob/appdata/local/arduino15/packages/cubecell/tools/gcc-arm-none-eabi/8-2019-q3/bin/../lib/gcc/arm-none-eabi/5.4.1/../../../../arm-none-eabi/lib/armv6-m\libm.a(lib_a-w_log.o) (__fdlib_version)
c:/users/rob/appdata/local/arduino15/packages/cubecell/tools/gcc-arm-none-eabi/8-2019-q3/bin/../lib/gcc/arm-none-eabi/5.4.1/../../../../arm-none-eabi/lib/armv6-m\libm.a(lib_a-s_matherr.o)
                              c:/users/rob/appdata/local/arduino15/packages/cubecell/tools/gcc-arm-none-eabi/8-2019-q3/bin/../lib/gcc/arm-none-eabi/5.4.1/../../../../arm-none-eabi/lib/armv6-m\libm.a(lib_a-w_log.o) (matherr)
c:/users/rob/appdata/local/arduino15/packages/cubecell/tools/gcc-arm-none-eabi/8-2019-q3/bin/../lib/gcc/arm-none-eabi/5.4.1/../../../../arm-none-eabi/lib/armv6-m\libm.a(lib_a-s_nan.o)
                              c:/users/rob/appdata/local/arduino15/packages/cubecell/tools/gcc-arm-none-eabi/8-2019-q3/bin/../lib/gcc/arm-none-eabi/5.4.1/../../../../arm-none-eabi/lib/armv6-m\libm.a(lib_a-w_log.o) (nan)
c:/users/rob/appdata/local/arduino15/packages/cubecell/tools/gcc-arm-none-eabi/8-2019-q3/bin/../lib/gcc/arm-none-eabi/5.4.1/../../../../arm-none-eabi/lib/armv6-m\libm.a(lib_a-s_rint.o)
                              c:/users/rob/appdata/local/arduino15/packages/cubecell/tools/gcc-arm-none-eabi/8-2019-q3/bin/../lib/gcc/arm-none-eabi/5.4.1/../../../../arm-none-eabi/lib/armv6-m\libm.a(lib_a-w_pow.o) (rint)
c:/users/rob/appdata/local/arduino15/packages/cubecell/tools/gcc-arm-none-eabi/8-2019-q3/bin/../lib/gcc/arm-none-eabi/5.4.1/../../../../arm-none-eabi/lib/armv6-m\libm.a(lib_a-s_scalbn.o)
                              c:/users/rob/appdata/local/arduino15/packages/cubecell/tools/gcc-arm-none-eabi/8-2019-q3/bin/../lib/gcc/arm-none-eabi/5.4.1/../../../../arm-none-eabi/lib/armv6-m\libm.a(lib_a-e_pow.o) (scalbn)
[...]
Memory Configuration

Name             Origin             Length             Attributes
rom              0x00000000         0x00020000         xr
ram              0x20000000         0x00004000         xrw
*default*        0x00000000         0xffffffff

Linker script and memory map

LOAD c:/users/rob/appdata/local/arduino15/packages/cubecell/tools/gcc-arm-none-eabi/8-2019-q3/bin/../lib/gcc/arm-none-eabi/5.4.1/armv6-m/crti.o
LOAD c:/users/rob/appdata/local/arduino15/packages/cubecell/tools/gcc-arm-none-eabi/8-2019-q3/bin/../lib/gcc/arm-none-eabi/5.4.1/armv6-m/crtbegin.o
LOAD c:/users/rob/appdata/local/arduino15/packages/cubecell/tools/gcc-arm-none-eabi/8-2019-q3/bin/../lib/gcc/arm-none-eabi/5.4.1/../../../../arm-none-eabi/lib/armv6-m/crt0.o
START GROUP
LOAD c:/users/rob/appdata/local/arduino15/packages/cubecell/tools/gcc-arm-none-eabi/8-2019-q3/bin/../lib/gcc/arm-none-eabi/5.4.1/../../../../arm-none-eabi/lib/armv6-m\libstdc++_nano.a
LOAD c:/users/rob/appdata/local/arduino15/packages/cubecell/tools/gcc-arm-none-eabi/8-2019-q3/bin/../lib/gcc/arm-none-eabi/5.4.1/../../../../arm-none-eabi/lib/armv6-m\libm.a
LOAD C:\Users\Rob\AppData\Local\Arduino15\packages\CubeCell\hardware\CubeCell\0.0.4/cores/asr650x/projects/CubeCellLib.a
LOAD c:\Users\Rob\Documents\GitHub\Air-Quality-Kit\Firmware\Sources\Heltec Cube\build\sketch\LoraWanTest.ino.cpp.o
LOAD c:\Users\Rob\Documents\GitHub\Air-Quality-Kit\Firmware\Sources\Heltec Cube\build\libraries\LoRa\LoRaWan_APP.cpp.o
LOAD c:\Users\Rob\Documents\GitHub\Air-Quality-Kit\Firmware\Sources\Heltec Cube\build\libraries\LoRa\LoRa_APP.cpp.o
LOAD c:\Users\Rob\Documents\GitHub\Air-Quality-Kit\Firmware\Sources\Heltec Cube\build\libraries\Sensor_ThirdParty\ADS1015.cpp.o
LOAD c:\Users\Rob\Documents\GitHub\Air-Quality-Kit\Firmware\Sources\Heltec Cube\build\libraries\Sensor_ThirdParty\BME280.cpp.o
LOAD c:\Users\Rob\Documents\GitHub\Air-Quality-Kit\Firmware\Sources\Heltec Cube\build\libraries\Sensor_ThirdParty\BME680.cpp.o
LOAD c:\Users\Rob\Documents\GitHub\Air-Quality-Kit\Firmware\Sources\Heltec Cube\build\libraries\Sensor_ThirdParty\BMP280.cpp.o
LOAD c:\Users\Rob\Documents\GitHub\Air-Quality-Kit\Firmware\Sources\Heltec Cube\build\libraries\Sensor_ThirdParty\SHT2x.cpp.o
LOAD c:\Users\Rob\Documents\GitHub\Air-Quality-Kit\Firmware\Sources\Heltec Cube\build\libraries\RGB\Adafruit_NeoPixel.cpp.o
LOAD c:/users/rob/appdata/local/arduino15/packages/cubecell/tools/gcc-arm-none-eabi/8-2019-q3/bin/../lib/gcc/arm-none-eabi/5.4.1/../../../../arm-none-eabi/lib/armv6-m\libm.a
LOAD c:\Users\Rob\Documents\GitHub\Air-Quality-Kit\Firmware\Sources\Heltec Cube\build/core\core.a
END GROUP
START GROUP
LOAD c:/users/rob/appdata/local/arduino15/packages/cubecell/tools/gcc-arm-none-eabi/8-2019-q3/bin/../lib/gcc/arm-none-eabi/5.4.1/armv6-m\libgcc.a
LOAD c:/users/rob/appdata/local/arduino15/packages/cubecell/tools/gcc-arm-none-eabi/8-2019-q3/bin/../lib/gcc/arm-none-eabi/5.4.1/../../../../arm-none-eabi/lib/armv6-m\libg_nano.a
LOAD c:/users/rob/appdata/local/arduino15/packages/cubecell/tools/gcc-arm-none-eabi/8-2019-q3/bin/../lib/gcc/arm-none-eabi/5.4.1/../../../../arm-none-eabi/lib/armv6-m\libc_nano.a
END GROUP
START GROUP
LOAD c:/users/rob/appdata/local/arduino15/packages/cubecell/tools/gcc-arm-none-eabi/8-2019-q3/bin/../lib/gcc/arm-none-eabi/5.4.1/armv6-m\libgcc.a
LOAD c:/users/rob/appdata/local/arduino15/packages/cubecell/tools/gcc-arm-none-eabi/8-2019-q3/bin/../lib/gcc/arm-none-eabi/5.4.1/../../../../arm-none-eabi/lib/armv6-m\libc_nano.a
END GROUP
LOAD c:/users/rob/appdata/local/arduino15/packages/cubecell/tools/gcc-arm-none-eabi/8-2019-q3/bin/../lib/gcc/arm-none-eabi/5.4.1/armv6-m/crtend.o
LOAD c:/users/rob/appdata/local/arduino15/packages/cubecell/tools/gcc-arm-none-eabi/8-2019-q3/bin/../lib/gcc/arm-none-eabi/5.4.1/armv6-m/crtn.o
START GROUP
LOAD c:/users/rob/appdata/local/arduino15/packages/cubecell/tools/gcc-arm-none-eabi/8-2019-q3/bin/../lib/gcc/arm-none-eabi/5.4.1/armv6-m\libgcc.a
LOAD c:/users/rob/appdata/local/arduino15/packages/cubecell/tools/gcc-arm-none-eabi/8-2019-q3/bin/../lib/gcc/arm-none-eabi/5.4.1/../../../../arm-none-eabi/lib/armv6-m\libc.a
LOAD c:/users/rob/appdata/local/arduino15/packages/cubecell/tools/gcc-arm-none-eabi/8-2019-q3/bin/../lib/gcc/arm-none-eabi/5.4.1/../../../../arm-none-eabi/lib/armv6-m\libnosys.a
END GROUP
                0x00000000                CY_APPL_ORIGIN = 0x0
                0x00000100                CY_FLASH_ROW_SIZE = 0x100
                0x00000001                CY_APPL_NUM = 0x1
                0x00000001                CY_APPL_MAX = 0x1
                0x00000040                CY_METADATA_SIZE = 0x40
                0x00000001                CY_APPL_LOADABLE = 0x1
                0x00000000                CY_CHECKSUM_EXCLUDE_SIZE = ALIGN (0x0, CY_FLASH_ROW_SIZE)
                0x00000000                CY_APP_FOR_STACK_AND_COPIER = 0x0
                [!provide]                PROVIDE (__cy_heap_start, _end)
                0x00000001                PROVIDE (__cy_region_num, ((__cy_regions_end - __cy_regions) / 0x10))
                0x20004000                PROVIDE (__cy_stack, (ORIGIN (ram) + LENGTH (ram)))
                [!provide]                PROVIDE (__cy_heap_end, (__cy_stack - 0x800))

.cybootloader   0x00000000     0x2200
 *(.cybootloader)
 .cybootloader  0x00000000     0x2200 c:\Users\Rob\Documents\GitHub\Air-Quality-Kit\Firmware\Sources\Heltec Cube\build/core\core.a(cybootloader.c.o)
                0x00000000                cy_bootloader
                0x00002200                appl1_start = CY_APPL_ORIGIN?CY_APPL_ORIGIN:ALIGN (CY_FLASH_ROW_SIZE)
                0x00011000                appl2_start = (appl1_start + ALIGN ((((LENGTH (rom) - appl1_start) - (0x2 * CY_FLASH_ROW_SIZE)) / 0x2), CY_FLASH_ROW_SIZE))
                0x00002200                appl_start = (CY_APPL_NUM == 0x1)?appl1_start:appl2_start
                0x00000000                cy_project_type_bootloader = (appl_start == 0x0)?0x1:0x0
                0x00000000                cy_project_type_app_for_stack_and_copier = (CY_APP_FOR_STACK_AND_COPIER == 0x1)?0x1:0x0

.text           0x00002200    0x10b20
 CREATE_OBJECT_SYMBOLS
                0x00002200                PROVIDE (__cy_interrupt_vector, RomVectors)
 *(.romvectors)
 .romvectors    0x00002200       0x10 c:\Users\Rob\Documents\GitHub\Air-Quality-Kit\Firmware\Sources\Heltec Cube\build/core\core.a(Cm0plusStart.c.o)
                0x00002200                RomVectors
                0x00000001                ASSERT ((. != __cy_interrupt_vector), No interrupt vector)
                0x00000001                ASSERT (CY_APPL_ORIGIN?(SIZEOF (.cybootloader) <= CY_APPL_ORIGIN):0x1, Wrong image location)
                0x00002210                PROVIDE (__cy_reset, Reset)
 *(.text.Reset)
 .text.Reset    0x00002210       0x14 c:\Users\Rob\Documents\GitHub\Air-Quality-Kit\Firmware\Sources\Heltec Cube\build/core\core.a(Cm0plusStart.c.o)
                0x00002210                Reset
                0x00000001                ASSERT ((. != __cy_reset), No reset code)
 *(.psocinit)
 .psocinit      0x00002224      0x184 C:\Users\Rob\AppData\Local\Arduino15\packages\CubeCell\hardware\CubeCell\0.0.4/cores/asr650x/projects/CubeCellLib.a(cyfitter_cfg.o)
                0x00002224                cyfitter_cfg
                0x000023a8                . = MAX (., 0x100)
 *(.text .text.* .gnu.linkonce.t.*)
 .text          0x000023a8       0x60 c:/users/rob/appdata/local/arduino15/packages/cubecell/tools/gcc-arm-none-eabi/8-2019-q3/bin/../lib/gcc/arm-none-eabi/5.4.1/armv6-m/crtbegin.o
 .text._Z18updateAirqAveragesP17AirqualityReading
                0x00002408       0x64 c:\Users\Rob\Documents\GitHub\Air-Quality-Kit\Firmware\Sources\Heltec Cube\build\sketch\LoraWanTest.ino.cpp.o
                0x00002408                updateAirqAverages(AirqualityReading*)
 .text._Z15pumppms5003ByteP17AirqualityReadingh
                0x0000246c       0xd4 c:\Users\Rob\Documents\GitHub\Air-Quality-Kit\Firmware\Sources\Heltec Cube\build\sketch\LoraWanTest.ino.cpp.o
                0x0000246c                pumppms5003Byte(AirqualityReading*, unsigned char)
 .text._Z11buildBufferPhfffff
                0x00002540       0xc0 c:\Users\Rob\Documents\GitHub\Air-Quality-Kit\Firmware\Sources\Heltec Cube\build\sketch\LoraWanTest.ino.cpp.o
                0x00002540                buildBuffer(unsigned char*, float, float, float, float, float)
 .text._Z5setupv
                0x00002600       0x70 c:\Users\Rob\Documents\GitHub\Air-Quality-Kit\Firmware\Sources\Heltec Cube\build\sketch\LoraWanTest.ino.cpp.o
                0x00002600                setup()
 .text._Z14getAirQReadingP17AirqualityReadingm
                0x00002670       0x48 c:\Users\Rob\Documents\GitHub\Air-Quality-Kit\Firmware\Sources\Heltec Cube\build\sketch\LoraWanTest.ino.cpp.o
                0x00002670                getAirQReading(AirqualityReading*, unsigned long)
 .text._Z22flushSerialBufferInputv
                0x000026b8       0x1c c:\Users\Rob\Documents\GitHub\Air-Quality-Kit\Firmware\Sources\Heltec Cube\build\sketch\LoraWanTest.ino.cpp.o
                0x000026b8                flushSerialBufferInput()
 .text._Z4loopv
                0x000026d4      0x194 c:\Users\Rob\Documents\GitHub\Air-Quality-Kit\Firmware\Sources\Heltec Cube\build\sketch\LoraWanTest.ino.cpp.o
                0x000026d4                loop()
 .text._ZL11McpsConfirmP12sMcpsConfirm
                0x00002868        0xc c:\Users\Rob\Documents\GitHub\Air-Quality-Kit\Firmware\Sources\Heltec Cube\build\libraries\LoRa\LoRaWan_APP.cpp.o
 .text._ZL24OnTxNextPacketTimerEventv
                0x00002874       0x5c c:\Users\Rob\Documents\GitHub\Air-Quality-Kit\Firmware\Sources\Heltec Cube\build\libraries\LoRa\LoRaWan_APP.cpp.o
 .text._ZL14MlmeIndicationP15sMlmeIndication
                0x000028d0        0xe c:\Users\Rob\Documents\GitHub\Air-Quality-Kit\Firmware\Sources\Heltec Cube\build\libraries\LoRa\LoRaWan_APP.cpp.o
 *fill*         0x000028de        0x2 
 .text.SendFrame
                0x000028e0       0x90 c:\Users\Rob\Documents\GitHub\Air-Quality-Kit\Firmware\Sources\Heltec Cube\build\libraries\LoRa\LoRaWan_APP.cpp.o
                0x000028e0                SendFrame
 .text.RGB_ON   0x00002970       0x4c c:\Users\Rob\Documents\GitHub\Air-Quality-Kit\Firmware\Sources\Heltec Cube\build\libraries\LoRa\LoRaWan_APP.cpp.o
                0x00002970                RGB_ON
 .text.RGB_OFF  0x000029bc       0x14 c:\Users\Rob\Documents\GitHub\Air-Quality-Kit\Firmware\Sources\Heltec Cube\build\libraries\LoRa\LoRaWan_APP.cpp.o
                0x000029bc                RGB_OFF
 .text._ZL11MlmeConfirmP12sMlmeConfirm
                0x000029d0       0x68 c:\Users\Rob\Documents\GitHub\Air-Quality-Kit\Firmware\Sources\Heltec Cube\build\libraries\LoRa\LoRaWan_APP.cpp.o
 .text._ZL14McpsIndicationP15sMcpsIndication
                0x00002a38       0x90 c:\Users\Rob\Documents\GitHub\Air-Quality-Kit\Firmware\Sources\Heltec Cube\build\libraries\LoRa\LoRaWan_APP.cpp.o
 .text.GetBatteryVoltage
                0x00002ac8       0x28 c:\Users\Rob\Documents\GitHub\Air-Quality-Kit\Firmware\Sources\Heltec Cube\build\libraries\LoRa\LoRaWan_APP.cpp.o
                0x00002ac8                GetBatteryVoltage
 .text.BoardGetBatteryLevel
                0x00002af0       0x38 c:\Users\Rob\Documents\GitHub\Air-Quality-Kit\Firmware\Sources\Heltec Cube\build\libraries\LoRa\LoRaWan_APP.cpp.o
                0x00002af0                BoardGetBatteryLevel
 .text._ZN12LoRaWanClass4InitE12eDeviceClass16eLoRaMacRegion_t
                0x00002b28       0xac c:\Users\Rob\Documents\GitHub\Air-Quality-Kit\Firmware\Sources\Heltec Cube\build\libraries\LoRa\LoRaWan_APP.cpp.o
                0x00002b28                LoRaWanClass::Init(eDeviceClass, eLoRaMacRegion_t)
 .text._ZN12LoRaWanClass4JoinEv
                0x00002bd4       0x9c c:\Users\Rob\Documents\GitHub\Air-Quality-Kit\Firmware\Sources\Heltec Cube\build\libraries\LoRa\LoRaWan_APP.cpp.o
                0x00002bd4                LoRaWanClass::Join()
 .text._ZN12LoRaWanClass4SendEv
                0x00002c70       0x54 c:\Users\Rob\Documents\GitHub\Air-Quality-Kit\Firmware\Sources\Heltec Cube\build\libraries\LoRa\LoRaWan_APP.cpp.o
                0x00002c70                LoRaWanClass::Send()
 .text._ZN12LoRaWanClass5CycleEm
                0x00002cc4       0x18 c:\Users\Rob\Documents\GitHub\Air-Quality-Kit\Firmware\Sources\Heltec Cube\build\libraries\LoRa\LoRaWan_APP.cpp.o
                0x00002cc4                LoRaWanClass::Cycle(unsigned long)
 .text._ZN12LoRaWanClass5SleepEv
                0x00002cdc       0x14 c:\Users\Rob\Documents\GitHub\Air-Quality-Kit\Firmware\Sources\Heltec Cube\build\libraries\LoRa\LoRaWan_APP.cpp.o
                0x00002cdc                LoRaWanClass::Sleep()
 .text._ZN12LoRaWanClass10IfskipjoinEv
                0x00002cf0      0x104 c:\Users\Rob\Documents\GitHub\Air-Quality-Kit\Firmware\Sources\Heltec Cube\build\libraries\LoRa\LoRaWan_APP.cpp.o
                0x00002cf0                LoRaWanClass::Ifskipjoin()
 .text.startup._GLOBAL__sub_I_pixels
                0x00002df4       0x2c c:\Users\Rob\Documents\GitHub\Air-Quality-Kit\Firmware\Sources\Heltec Cube\build\libraries\LoRa\LoRaWan_APP.cpp.o
 .text._ZN6BME28013writeRegisterEhh
                0x00002e20       0x2c c:\Users\Rob\Documents\GitHub\Air-Quality-Kit\Firmware\Sources\Heltec Cube\build\libraries\Sensor_ThirdParty\BME280.cpp.o
                0x00002e20                BME280::writeRegister(unsigned char, unsigned char)
 .text._ZN6BME28011BME280Read8Eh
                0x00002e4c       0x40 c:\Users\Rob\Documents\GitHub\Air-Quality-Kit\Firmware\Sources\Heltec Cube\build\libraries\Sensor_ThirdParty\BME280.cpp.o
                0x00002e4c                BME280::BME280Read8(unsigned char)
 .text._ZN6BME28012BME280Read16Eh
                0x00002e8c       0x50 c:\Users\Rob\Documents\GitHub\Air-Quality-Kit\Firmware\Sources\Heltec Cube\build\libraries\Sensor_ThirdParty\BME280.cpp.o
                0x00002e8c                BME280::BME280Read16(unsigned char)
 .text._ZN6BME28014BME280Read16LEEh
                0x00002edc        0xc c:\Users\Rob\Documents\GitHub\Air-Quality-Kit\Firmware\Sources\Heltec Cube\build\libraries\Sensor_ThirdParty\BME280.cpp.o
                0x00002edc                BME280::BME280Read16LE(unsigned char)
 .text._ZN6BME2804initEv
                0x00002ee8      0x120 c:\Users\Rob\Documents\GitHub\Air-Quality-Kit\Firmware\Sources\Heltec Cube\build\libraries\Sensor_ThirdParty\BME280.cpp.o
                0x00002ee8                BME280::init()
 .text._ZN6BME28012BME280Read24Eh
                0x00003008       0x54 c:\Users\Rob\Documents\GitHub\Air-Quality-Kit\Firmware\Sources\Heltec Cube\build\libraries\Sensor_ThirdParty\BME280.cpp.o
                0x00003008                BME280::BME280Read24(unsigned char)
 .text._ZN6BME28014getTemperatureEv
                0x0000305c       0x48 c:\Users\Rob\Documents\GitHub\Air-Quality-Kit\Firmware\Sources\Heltec Cube\build\libraries\Sensor_ThirdParty\BME280.cpp.o
                0x0000305c                BME280::getTemperature()
 .text._ZN6BME28011getHumidityEv
                0x000030a4       0x9c c:\Users\Rob\Documents\GitHub\Air-Quality-Kit\Firmware\Sources\Heltec Cube\build\libraries\Sensor_ThirdParty\BME280.cpp.o
                0x000030a4                BME280::getHumidity()
 .text._ZN6BME28011getPressureEv
                0x00003140      0x17c c:\Users\Rob\Documents\GitHub\Air-Quality-Kit\Firmware\Sources\Heltec Cube\build\libraries\Sensor_ThirdParty\BME280.cpp.o
                0x00003140                BME280::getPressure()
 .text._ZN17Adafruit_NeoPixelD2Ev
                0x000032bc       0x1e c:\Users\Rob\Documents\GitHub\Air-Quality-Kit\Firmware\Sources\Heltec Cube\build\libraries\RGB\Adafruit_NeoPixel.cpp.o
                0x000032bc                Adafruit_NeoPixel::~Adafruit_NeoPixel()
                0x000032bc                Adafruit_NeoPixel::~Adafruit_NeoPixel()
 .text._ZN17Adafruit_NeoPixel5beginEv
                0x000032da       0x22 c:\Users\Rob\Documents\GitHub\Air-Quality-Kit\Firmware\Sources\Heltec Cube\build\libraries\RGB\Adafruit_NeoPixel.cpp.o
                0x000032da                Adafruit_NeoPixel::begin()
 .text._ZN17Adafruit_NeoPixel12updateLengthEt
                0x000032fc       0x3e c:\Users\Rob\Documents\GitHub\Air-Quality-Kit\Firmware\Sources\Heltec Cube\build\libraries\RGB\Adafruit_NeoPixel.cpp.o
                0x000032fc                Adafruit_NeoPixel::updateLength(unsigned short)
 .text._ZN17Adafruit_NeoPixel10updateTypeEt
                0x0000333a       0x48 c:\Users\Rob\Documents\GitHub\Air-Quality-Kit\Firmware\Sources\Heltec Cube\build\libraries\RGB\Adafruit_NeoPixel.cpp.o
                0x0000333a                Adafruit_NeoPixel::updateType(unsigned short)
 .text._ZN17Adafruit_NeoPixel4showEv
                0x00003382       0x18 c:\Users\Rob\Documents\GitHub\Air-Quality-Kit\Firmware\Sources\Heltec Cube\build\libraries\RGB\Adafruit_NeoPixel.cpp.o
                0x00003382                Adafruit_NeoPixel::show()
 .text._ZN17Adafruit_NeoPixel6setPinEh
                0x0000339a       0x36 c:\Users\Rob\Documents\GitHub\Air-Quality-Kit\Firmware\Sources\Heltec Cube\build\libraries\RGB\Adafruit_NeoPixel.cpp.o
                0x0000339a                Adafruit_NeoPixel::setPin(unsigned char)
 .text._ZN17Adafruit_NeoPixelC2Etht
                0x000033d0       0x2c c:\Users\Rob\Documents\GitHub\Air-Quality-Kit\Firmware\Sources\Heltec Cube\build\libraries\RGB\Adafruit_NeoPixel.cpp.o
                0x000033d0                Adafruit_NeoPixel::Adafruit_NeoPixel(unsigned short, unsigned char, unsigned short)
                0x000033d0                Adafruit_NeoPixel::Adafruit_NeoPixel(unsigned short, unsigned char, unsigned short)
 .text._ZN17Adafruit_NeoPixel13setPixelColorEtm
                0x000033fc       0x72 c:\Users\Rob\Documents\GitHub\Air-Quality-Kit\Firmware\Sources\Heltec Cube\build\libraries\RGB\Adafruit_NeoPixel.cpp.o
                0x000033fc                Adafruit_NeoPixel::setPixelColor(unsigned short, unsigned long)
 .text._ZN17Adafruit_NeoPixel5clearEv
                0x0000346e        0xe c:\Users\Rob\Documents\GitHub\Air-Quality-Kit\Firmware\Sources\Heltec Cube\build\libraries\RGB\Adafruit_NeoPixel.cpp.o
                0x0000346e                Adafruit_NeoPixel::clear()
 .text.rint     0x0000347c      0x144 c:/users/rob/appdata/local/arduino15/packages/cubecell/tools/gcc-arm-none-eabi/8-2019-q3/bin/../lib/gcc/arm-none-eabi/5.4.1/../../../../arm-none-eabi/lib/armv6-m\libm.a(lib_a-s_rint.o)
                0x0000347c                rint
 .text.SX126xIoInit
                0x000035c0       0x44 c:\Users\Rob\Documents\GitHub\Air-Quality-Kit\Firmware\Sources\Heltec Cube\build/core\core.a(asr_board.c.o)
                0x000035c0                SX126xIoInit
 .text.SX126xIoIrqInit
                0x00003604       0x14 c:\Users\Rob\Documents\GitHub\Air-Quality-Kit\Firmware\Sources\Heltec Cube\build/core\core.a(asr_board.c.o)
                0x00003604                SX126xIoIrqInit
 .text.SX126xGetBoardTcxoWakeupTime
                0x00003618        0x4 c:\Users\Rob\Documents\GitHub\Air-Quality-Kit\Firmware\Sources\Heltec Cube\build/core\core.a(asr_board.c.o)
                0x00003618                SX126xGetBoardTcxoWakeupTime
 .text.SX126xReset
                0x0000361c       0x50 c:\Users\Rob\Documents\GitHub\Air-Quality-Kit\Firmware\Sources\Heltec Cube\build/core\core.a(asr_board.c.o)
                0x0000361c                SX126xReset
 .text.SX126xWaitOnBusy
                0x0000366c       0x14 c:\Users\Rob\Documents\GitHub\Air-Quality-Kit\Firmware\Sources\Heltec Cube\build/core\core.a(asr_board.c.o)
                0x0000366c                SX126xWaitOnBusy
 .text.SX126xWakeup
                0x00003680       0x38 c:\Users\Rob\Documents\GitHub\Air-Quality-Kit\Firmware\Sources\Heltec Cube\build/core\core.a(asr_board.c.o)
                0x00003680                SX126xWakeup
 .text.SX126xWriteCommand
                0x000036b8       0x54 c:\Users\Rob\Documents\GitHub\Air-Quality-Kit\Firmware\Sources\Heltec Cube\build/core\core.a(asr_board.c.o)
                0x000036b8                SX126xWriteCommand
 .text.SX126xReadCommand
                0x0000370c       0x54 c:\Users\Rob\Documents\GitHub\Air-Quality-Kit\Firmware\Sources\Heltec Cube\build/core\core.a(asr_board.c.o)
                0x0000370c                SX126xReadCommand
 .text.SX126xWriteRegisters
                0x00003760       0x5c c:\Users\Rob\Documents\GitHub\Air-Quality-Kit\Firmware\Sources\Heltec Cube\build/core\core.a(asr_board.c.o)
                0x00003760                SX126xWriteRegisters
 .text.SX126xWriteRegister
                0x000037bc       0x12 c:\Users\Rob\Documents\GitHub\Air-Quality-Kit\Firmware\Sources\Heltec Cube\build/core\core.a(asr_board.c.o)
                0x000037bc                SX126xWriteRegister
 *fill*         0x000037ce        0x2 
 .text.SX126xReadRegisters
                0x000037d0       0x64 c:\Users\Rob\Documents\GitHub\Air-Quality-Kit\Firmware\Sources\Heltec Cube\build/core\core.a(asr_board.c.o)
                0x000037d0                SX126xReadRegisters
 .text.SX126xReadRegister
                0x00003834       0x12 c:\Users\Rob\Documents\GitHub\Air-Quality-Kit\Firmware\Sources\Heltec Cube\build/core\core.a(asr_board.c.o)
                0x00003834                SX126xReadRegister
 *fill*         0x00003846        0x2 
 .text.SX126xWriteBuffer
                0x00003848       0x54 c:\Users\Rob\Documents\GitHub\Air-Quality-Kit\Firmware\Sources\Heltec Cube\build/core\core.a(asr_board.c.o)
                0x00003848                SX126xWriteBuffer
 .text.SX126xReadBuffer
                0x0000389c       0x5c c:\Users\Rob\Documents\GitHub\Air-Quality-Kit\Firmware\Sources\Heltec Cube\build/core\core.a(asr_board.c.o)
                0x0000389c                SX126xReadBuffer
 .text.SX126xSetRfTxPower
                0x000038f8        0xa c:\Users\Rob\Documents\GitHub\Air-Quality-Kit\Firmware\Sources\Heltec Cube\build/core\core.a(asr_board.c.o)
                0x000038f8                SX126xSetRfTxPower
 .text.SX126xGetPaSelect
                0x00003902        0x4 c:\Users\Rob\Documents\GitHub\Air-Quality-Kit\Firmware\Sources\Heltec Cube\build/core\core.a(asr_board.c.o)
                0x00003902                SX126xGetPaSelect
 .text.SX126xAntSwOn
                0x00003906        0x2 c:\Users\Rob\Documents\GitHub\Air-Quality-Kit\Firmware\Sources\Heltec Cube\build/core\core.a(asr_board.c.o)
                0x00003906                SX126xAntSwOn
 .text.SX126xAntSwOff
                0x00003908        0x2 c:\Users\Rob\Documents\GitHub\Air-Quality-Kit\Firmware\Sources\Heltec Cube\build/core\core.a(asr_board.c.o)
                0x00003908                SX126xAntSwOff
 .text.BoardDisableIrq
                0x0000390a        0x4 c:\Users\Rob\Documents\GitHub\Air-Quality-Kit\Firmware\Sources\Heltec Cube\build/core\core.a(asr_board.c.o)
                0x0000390a                BoardDisableIrq
 .text.BoardEnableIrq
                0x0000390e        0x4 c:\Users\Rob\Documents\GitHub\Air-Quality-Kit\Firmware\Sources\Heltec Cube\build/core\core.a(asr_board.c.o)
                0x0000390e                BoardEnableIrq
 *fill*         0x00003912        0x2 
 .text.floor    0x00003914      0x108 c:\Users\Rob\Documents\GitHub\Air-Quality-Kit\Firmware\Sources\Heltec Cube\build/core\core.a(asr_board.c.o)
                0x00003914                floor
 .text.BoardInitMcu
                0x00003a1c       0x34 c:\Users\Rob\Documents\GitHub\Air-Quality-Kit\Firmware\Sources\Heltec Cube\build/core\core.a(asr_board.c.o)
                0x00003a1c                BoardInitMcu
 .text.HW_Get_MFT_ID
                0x00003a50        0x8 c:\Users\Rob\Documents\GitHub\Air-Quality-Kit\Firmware\Sources\Heltec Cube\build/core\core.a(asr_board.c.o)
                0x00003a50                HW_Get_MFT_ID
 .text.HW_Get_MFT_Model
                0x00003a58        0x8 c:\Users\Rob\Documents\GitHub\Air-Quality-Kit\Firmware\Sources\Heltec Cube\build/core\core.a(asr_board.c.o)
                0x00003a58                HW_Get_MFT_Model
 .text.HW_Get_MFT_Rev
                0x00003a60        0x8 c:\Users\Rob\Documents\GitHub\Air-Quality-Kit\Firmware\Sources\Heltec Cube\build/core\core.a(asr_board.c.o)
                0x00003a60                HW_Get_MFT_Rev
 .text.HW_Get_MFT_SN
                0x00003a68       0x24 c:\Users\Rob\Documents\GitHub\Air-Quality-Kit\Firmware\Sources\Heltec Cube\build/core\core.a(asr_board.c.o)
                0x00003a68                HW_Get_MFT_SN
 .text.HW_Set_MFT_Baud
                0x00003a8c       0x64 c:\Users\Rob\Documents\GitHub\Air-Quality-Kit\Firmware\Sources\Heltec Cube\build/core\core.a(asr_board.c.o)
                0x00003a8c                HW_Set_MFT_Baud
 .text.HW_Get_MFT_Baud
                0x00003af0        0xc c:\Users\Rob\Documents\GitHub\Air-Quality-Kit\Firmware\Sources\Heltec Cube\build/core\core.a(asr_board.c.o)
                0x00003af0                HW_Get_MFT_Baud
 .text.GpioInit
                0x00003afc       0x12 c:\Users\Rob\Documents\GitHub\Air-Quality-Kit\Firmware\Sources\Heltec Cube\build/core\core.a(gpio.c.o)
                0x00003afc                GpioInit
 .text.GpioSetInterrupt
                0x00003b0e        0x8 c:\Users\Rob\Documents\GitHub\Air-Quality-Kit\Firmware\Sources\Heltec Cube\build/core\core.a(gpio.c.o)
                0x00003b0e                GpioSetInterrupt
 .text.GpioWrite
                0x00003b16        0x8 c:\Users\Rob\Documents\GitHub\Air-Quality-Kit\Firmware\Sources\Heltec Cube\build/core\core.a(gpio.c.o)
                0x00003b16                GpioWrite
 .text.GpioRead
                0x00003b1e        0x8 c:\Users\Rob\Documents\GitHub\Air-Quality-Kit\Firmware\Sources\Heltec Cube\build/core\core.a(gpio.c.o)
                0x00003b1e                GpioRead
 .text.SpiInit  0x00003b26        0x8 c:\Users\Rob\Documents\GitHub\Air-Quality-Kit\Firmware\Sources\Heltec Cube\build/core\core.a(spi-board.c.o)
                0x00003b26                SpiInit
 *fill*         0x00003b2e        0x2 
 .text.SpiInOut
                0x00003b30       0x34 c:\Users\Rob\Documents\GitHub\Air-Quality-Kit\Firmware\Sources\Heltec Cube\build/core\core.a(spi-board.c.o)
                0x00003b30                SpiInOut
 .text.RadioCheckRfFrequency
                0x00003b64        0x4 c:\Users\Rob\Documents\GitHub\Air-Quality-Kit\Firmware\Sources\Heltec Cube\build/core\core.a(radio.c.o)
                0x00003b64                RadioCheckRfFrequency
 .text.RadioOnDioIrq
                0x00003b68        0xc c:\Users\Rob\Documents\GitHub\Air-Quality-Kit\Firmware\Sources\Heltec Cube\build/core\core.a(radio.c.o)
                0x00003b68                RadioOnDioIrq
 .text.RadioStandby
                0x00003b74        0xa c:\Users\Rob\Documents\GitHub\Air-Quality-Kit\Firmware\Sources\Heltec Cube\build/core\core.a(radio.c.o)
                0x00003b74                RadioStandby
 *fill*         0x00003b7e        0x2 
 .text.RadioInit
                0x00003b80       0x6c c:\Users\Rob\Documents\GitHub\Air-Quality-Kit\Firmware\Sources\Heltec Cube\build/core\core.a(radio.c.o)
                0x00003b80                RadioInit
 .text.RadioGetStatus
                0x00003bec       0x1c c:\Users\Rob\Documents\GitHub\Air-Quality-Kit\Firmware\Sources\Heltec Cube\build/core\core.a(radio.c.o)
                0x00003bec                RadioGetStatus
 .text.RadioSetChannel
                0x00003c08        0x8 c:\Users\Rob\Documents\GitHub\Air-Quality-Kit\Firmware\Sources\Heltec Cube\build/core\core.a(radio.c.o)
                0x00003c08                RadioSetChannel
 .text.RadioRssi
                0x00003c10        0x8 c:\Users\Rob\Documents\GitHub\Air-Quality-Kit\Firmware\Sources\Heltec Cube\build/core\core.a(radio.c.o)
                0x00003c10                RadioRssi
 .text.RadioSyncWord
                0x00003c18       0x10 c:\Users\Rob\Documents\GitHub\Air-Quality-Kit\Firmware\Sources\Heltec Cube\build/core\core.a(radio.c.o)
                0x00003c18                RadioSyncWord
 .text.RadioSend
                0x00003c28       0x54 c:\Users\Rob\Documents\GitHub\Air-Quality-Kit\Firmware\Sources\Heltec Cube\build/core\core.a(radio.c.o)
                0x00003c28                RadioSend
 .text.RadioSleep
                0x00003c7c       0x10 c:\Users\Rob\Documents\GitHub\Air-Quality-Kit\Firmware\Sources\Heltec Cube\build/core\core.a(radio.c.o)
                0x00003c7c                RadioSleep
 .text.RadioSetRxDutyCycle
                0x00003c8c        0x8 c:\Users\Rob\Documents\GitHub\Air-Quality-Kit\Firmware\Sources\Heltec Cube\build/core\core.a(radio.c.o)
                0x00003c8c                RadioSetRxDutyCycle
 .text.RadioStartCad
                0x00003c94       0x64 c:\Users\Rob\Documents\GitHub\Air-Quality-Kit\Firmware\Sources\Heltec Cube\build/core\core.a(radio.c.o)
                0x00003c94                RadioStartCad
 .text.RadioSetTxContinuousWave
                0x00003cf8       0x44 c:\Users\Rob\Documents\GitHub\Air-Quality-Kit\Firmware\Sources\Heltec Cube\build/core\core.a(radio.c.o)
                0x00003cf8                RadioSetTxContinuousWave
 .text.RadioWrite
                0x00003d3c        0x8 c:\Users\Rob\Documents\GitHub\Air-Quality-Kit\Firmware\Sources\Heltec Cube\build/core\core.a(radio.c.o)
                0x00003d3c                RadioWrite
 .text.RadioRead
                0x00003d44        0x8 c:\Users\Rob\Documents\GitHub\Air-Quality-Kit\Firmware\Sources\Heltec Cube\build/core\core.a(radio.c.o)
                0x00003d44                RadioRead
 .text.RadioWriteBuffer
                0x00003d4c        0xa c:\Users\Rob\Documents\GitHub\Air-Quality-Kit\Firmware\Sources\Heltec Cube\build/core\core.a(radio.c.o)
                0x00003d4c                RadioWriteBuffer
 .text.RadioReadBuffer
                0x00003d56        0xa c:\Users\Rob\Documents\GitHub\Air-Quality-Kit\Firmware\Sources\Heltec Cube\build/core\core.a(radio.c.o)
                0x00003d56                RadioReadBuffer
 .text.RadioGetWakeupTime
                0x00003d60        0xa c:\Users\Rob\Documents\GitHub\Air-Quality-Kit\Firmware\Sources\Heltec Cube\build/core\core.a(radio.c.o)
                0x00003d60                RadioGetWakeupTime
 *fill*         0x00003d6a        0x2 
 .text.RadioOnTxTimeoutIrq
                0x00003d6c       0x20 c:\Users\Rob\Documents\GitHub\Air-Quality-Kit\Firmware\Sources\Heltec Cube\build/core\core.a(radio.c.o)
                0x00003d6c                RadioOnTxTimeoutIrq
 .text.RadioOnRxTimeoutIrq
                0x00003d8c       0x20 c:\Users\Rob\Documents\GitHub\Air-Quality-Kit\Firmware\Sources\Heltec Cube\build/core\core.a(radio.c.o)
                0x00003d8c                RadioOnRxTimeoutIrq
 .text.RadioOnCadTimeoutIrq
                0x00003dac       0x20 c:\Users\Rob\Documents\GitHub\Air-Quality-Kit\Firmware\Sources\Heltec Cube\build/core\core.a(radio.c.o)
                0x00003dac                RadioOnCadTimeoutIrq
 .text.RadioGetFskBandwidthRegValue
                0x00003dcc       0x38 c:\Users\Rob\Documents\GitHub\Air-Quality-Kit\Firmware\Sources\Heltec Cube\build/core\core.a(radio.c.o)
 .text.RadioSetMaxPayloadLength
                0x00003e04       0x38 c:\Users\Rob\Documents\GitHub\Air-Quality-Kit\Firmware\Sources\Heltec Cube\build/core\core.a(radio.c.o)
                0x00003e04                RadioSetMaxPayloadLength
 .text.RadioRx  0x00003e3c       0x58 c:\Users\Rob\Documents\GitHub\Air-Quality-Kit\Firmware\Sources\Heltec Cube\build/core\core.a(radio.c.o)
                0x00003e3c                RadioRx
 .text.RadioRxBoosted
                0x00003e94       0x4c c:\Users\Rob\Documents\GitHub\Air-Quality-Kit\Firmware\Sources\Heltec Cube\build/core\core.a(radio.c.o)
                0x00003e94                RadioRxBoosted
 .text.RadioSetModem
                0x00003ee0       0x34 c:\Users\Rob\Documents\GitHub\Air-Quality-Kit\Firmware\Sources\Heltec Cube\build/core\core.a(radio.c.o)
                0x00003ee0                RadioSetModem
 .text.RadioSetPublicNetwork
                0x00003f14       0x40 c:\Users\Rob\Documents\GitHub\Air-Quality-Kit\Firmware\Sources\Heltec Cube\build/core\core.a(radio.c.o)
                0x00003f14                RadioSetPublicNetwork
 .text.RadioIsChannelFree
                0x00003f54       0x4c c:\Users\Rob\Documents\GitHub\Air-Quality-Kit\Firmware\Sources\Heltec Cube\build/core\core.a(radio.c.o)
                0x00003f54                RadioIsChannelFree
 .text.RadioRandom
                0x00003fa0       0x38 c:\Users\Rob\Documents\GitHub\Air-Quality-Kit\Firmware\Sources\Heltec Cube\build/core\core.a(radio.c.o)
                0x00003fa0                RadioRandom
 .text.RadioIrqProcess
                0x00003fd8      0x130 c:\Users\Rob\Documents\GitHub\Air-Quality-Kit\Firmware\Sources\Heltec Cube\build/core\core.a(radio.c.o)
                0x00003fd8                RadioIrqProcess
 .text.RadioSymbTime
                0x00004108       0x2c c:\Users\Rob\Documents\GitHub\Air-Quality-Kit\Firmware\Sources\Heltec Cube\build/core\core.a(radio.c.o)
                0x00004108                RadioSymbTime
 .text.RadioSetRxConfig
                0x00004134      0x250 c:\Users\Rob\Documents\GitHub\Air-Quality-Kit\Firmware\Sources\Heltec Cube\build/core\core.a(radio.c.o)
                0x00004134                RadioSetRxConfig
 .text.RadioSetTxConfig
                0x00004384      0x1cc c:\Users\Rob\Documents\GitHub\Air-Quality-Kit\Firmware\Sources\Heltec Cube\build/core\core.a(radio.c.o)
                0x00004384                RadioSetTxConfig
 .text.RadioTimeOnAir
                0x00004550      0x1a4 c:\Users\Rob\Documents\GitHub\Air-Quality-Kit\Firmware\Sources\Heltec Cube\build/core\core.a(radio.c.o)
                0x00004550                RadioTimeOnAir
 .text.SX126xGetOperatingMode
                0x000046f4        0xc c:\Users\Rob\Documents\GitHub\Air-Quality-Kit\Firmware\Sources\Heltec Cube\build/core\core.a(sx126x.c.o)
                0x000046f4                SX126xGetOperatingMode
 .text.SX126xSetOperatingMode
                0x00004700        0xc c:\Users\Rob\Documents\GitHub\Air-Quality-Kit\Firmware\Sources\Heltec Cube\build/core\core.a(sx126x.c.o)
                0x00004700                SX126xSetOperatingMode
 .text.SX126xCheckDeviceReady
                0x0000470c       0x24 c:\Users\Rob\Documents\GitHub\Air-Quality-Kit\Firmware\Sources\Heltec Cube\build/core\core.a(sx126x.c.o)
                0x0000470c                SX126xCheckDeviceReady
 .text.SX126xSetPayload
                0x00004730        0xe c:\Users\Rob\Documents\GitHub\Air-Quality-Kit\Firmware\Sources\Heltec Cube\build/core\core.a(sx126x.c.o)
                0x00004730                SX126xSetPayload
 .text.SX126xSetSyncWord
                0x0000473e       0x10 c:\Users\Rob\Documents\GitHub\Air-Quality-Kit\Firmware\Sources\Heltec Cube\build/core\core.a(sx126x.c.o)
                0x0000473e                SX126xSetSyncWord
 *fill*         0x0000474e        0x2 
 .text.SX126xSetCrcSeed
                0x00004750       0x24 c:\Users\Rob\Documents\GitHub\Air-Quality-Kit\Firmware\Sources\Heltec Cube\build/core\core.a(sx126x.c.o)
                0x00004750                SX126xSetCrcSeed
 .text.SX126xSetCrcPolynomial
                0x00004774       0x24 c:\Users\Rob\Documents\GitHub\Air-Quality-Kit\Firmware\Sources\Heltec Cube\build/core\core.a(sx126x.c.o)
                0x00004774                SX126xSetCrcPolynomial
 .text.SX126xSetWhiteningSeed
                0x00004798       0x3c c:\Users\Rob\Documents\GitHub\Air-Quality-Kit\Firmware\Sources\Heltec Cube\build/core\core.a(sx126x.c.o)
                0x00004798                SX126xSetWhiteningSeed
 .text.SX126xSetSleep
                0x000047d4       0x20 c:\Users\Rob\Documents\GitHub\Air-Quality-Kit\Firmware\Sources\Heltec Cube\build/core\core.a(sx126x.c.o)
                0x000047d4                SX126xSetSleep
 .text.SX126xSetStandby
                0x000047f4       0x28 c:\Users\Rob\Documents\GitHub\Air-Quality-Kit\Firmware\Sources\Heltec Cube\build/core\core.a(sx126x.c.o)
                0x000047f4                SX126xSetStandby
 .text.SX126xSetTx
                0x0000481c       0x24 c:\Users\Rob\Documents\GitHub\Air-Quality-Kit\Firmware\Sources\Heltec Cube\build/core\core.a(sx126x.c.o)
                0x0000481c                SX126xSetTx
 .text.SX126xSendPayload
                0x00004840       0x10 c:\Users\Rob\Documents\GitHub\Air-Quality-Kit\Firmware\Sources\Heltec Cube\build/core\core.a(sx126x.c.o)
                0x00004840                SX126xSendPayload
 .text.SX126xSetRx
                0x00004850       0x24 c:\Users\Rob\Documents\GitHub\Air-Quality-Kit\Firmware\Sources\Heltec Cube\build/core\core.a(sx126x.c.o)
                0x00004850                SX126xSetRx
 .text.SX126xSetRxBoosted
                0x00004874       0x30 c:\Users\Rob\Documents\GitHub\Air-Quality-Kit\Firmware\Sources\Heltec Cube\build/core\core.a(sx126x.c.o)
                0x00004874                SX126xSetRxBoosted
 .text.SX126xSetRxDutyCycle
                0x000048a4       0x30 c:\Users\Rob\Documents\GitHub\Air-Quality-Kit\Firmware\Sources\Heltec Cube\build/core\core.a(sx126x.c.o)
                0x000048a4                SX126xSetRxDutyCycle
 .text.SX126xSetCad
                0x000048d4       0x18 c:\Users\Rob\Documents\GitHub\Air-Quality-Kit\Firmware\Sources\Heltec Cube\build/core\core.a(sx126x.c.o)
                0x000048d4                SX126xSetCad
 .text.SX126xSetTxContinuousWave
                0x000048ec        0xe c:\Users\Rob\Documents\GitHub\Air-Quality-Kit\Firmware\Sources\Heltec Cube\build/core\core.a(sx126x.c.o)
                0x000048ec                SX126xSetTxContinuousWave
 .text.SX126xSetStopRxTimerOnPreambleDetect
                0x000048fa       0x12 c:\Users\Rob\Documents\GitHub\Air-Quality-Kit\Firmware\Sources\Heltec Cube\build/core\core.a(sx126x.c.o)
                0x000048fa                SX126xSetStopRxTimerOnPreambleDetect
 .text.SX126xSetLoRaSymbNumTimeout
                0x0000490c       0x12 c:\Users\Rob\Documents\GitHub\Air-Quality-Kit\Firmware\Sources\Heltec Cube\build/core\core.a(sx126x.c.o)
                0x0000490c                SX126xSetLoRaSymbNumTimeout
 .text.SX126xSetRegulatorMode
                0x0000491e       0x12 c:\Users\Rob\Documents\GitHub\Air-Quality-Kit\Firmware\Sources\Heltec Cube\build/core\core.a(sx126x.c.o)
                0x0000491e                SX126xSetRegulatorMode
 .text.SX126xCalibrate
                0x00004930       0x10 c:\Users\Rob\Documents\GitHub\Air-Quality-Kit\Firmware\Sources\Heltec Cube\build/core\core.a(sx126x.c.o)
                0x00004930                SX126xCalibrate
 .text.SX126xCalibrateImage
                0x00004940       0x64 c:\Users\Rob\Documents\GitHub\Air-Quality-Kit\Firmware\Sources\Heltec Cube\build/core\core.a(sx126x.c.o)
                0x00004940                SX126xCalibrateImage
 .text.SX126xSetPaConfig
                0x000049a4       0x18 c:\Users\Rob\Documents\GitHub\Air-Quality-Kit\Firmware\Sources\Heltec Cube\build/core\core.a(sx126x.c.o)
                0x000049a4                SX126xSetPaConfig
 .text.SX126xSetDioIrqParams
                0x000049bc       0x28 c:\Users\Rob\Documents\GitHub\Air-Quality-Kit\Firmware\Sources\Heltec Cube\build/core\core.a(sx126x.c.o)
                0x000049bc                SX126xSetDioIrqParams
 .text.SX126xGetIrqStatus
                0x000049e4       0x18 c:\Users\Rob\Documents\GitHub\Air-Quality-Kit\Firmware\Sources\Heltec Cube\build/core\core.a(sx126x.c.o)
                0x000049e4                SX126xGetIrqStatus
 .text.SX126xSetDio2AsRfSwitchCtrl
                0x000049fc       0x12 c:\Users\Rob\Documents\GitHub\Air-Quality-Kit\Firmware\Sources\Heltec Cube\build/core\core.a(sx126x.c.o)
                0x000049fc                SX126xSetDio2AsRfSwitchCtrl
 .text.SX126xSetDio3AsTcxoCtrl
                0x00004a0e       0x20 c:\Users\Rob\Documents\GitHub\Air-Quality-Kit\Firmware\Sources\Heltec Cube\build/core\core.a(sx126x.c.o)
                0x00004a0e                SX126xSetDio3AsTcxoCtrl
 *fill*         0x00004a2e        0x2 
 .text.SX126xInit
                0x00004a30       0x4c c:\Users\Rob\Documents\GitHub\Air-Quality-Kit\Firmware\Sources\Heltec Cube\build/core\core.a(sx126x.c.o)
                0x00004a30                SX126xInit
 .text.SX126xSetRfFrequency
                0x00004a7c       0x48 c:\Users\Rob\Documents\GitHub\Air-Quality-Kit\Firmware\Sources\Heltec Cube\build/core\core.a(sx126x.c.o)
                0x00004a7c                SX126xSetRfFrequency
 .text.SX126xSetPacketType
                0x00004ac4       0x1c c:\Users\Rob\Documents\GitHub\Air-Quality-Kit\Firmware\Sources\Heltec Cube\build/core\core.a(sx126x.c.o)
                0x00004ac4                SX126xSetPacketType
 .text.SX126xGetPacketType
                0x00004ae0        0xc c:\Users\Rob\Documents\GitHub\Air-Quality-Kit\Firmware\Sources\Heltec Cube\build/core\core.a(sx126x.c.o)
                0x00004ae0                SX126xGetPacketType
 .text.SX126xSetTxParams
                0x00004aec       0xb0 c:\Users\Rob\Documents\GitHub\Air-Quality-Kit\Firmware\Sources\Heltec Cube\build/core\core.a(sx126x.c.o)
                0x00004aec                SX126xSetTxParams
 .text.SX126xSetModulationParams
                0x00004b9c       0xa8 c:\Users\Rob\Documents\GitHub\Air-Quality-Kit\Firmware\Sources\Heltec Cube\build/core\core.a(sx126x.c.o)
                0x00004b9c                SX126xSetModulationParams
 .text.SX126xSetPacketParams
                0x00004c44       0xb4 c:\Users\Rob\Documents\GitHub\Air-Quality-Kit\Firmware\Sources\Heltec Cube\build/core\core.a(sx126x.c.o)
                0x00004c44                SX126xSetPacketParams
 .text.SX126xSetCadParams
                0x00004cf8       0x30 c:\Users\Rob\Documents\GitHub\Air-Quality-Kit\Firmware\Sources\Heltec Cube\build/core\core.a(sx126x.c.o)
                0x00004cf8                SX126xSetCadParams
 .text.SX126xSetBufferBaseAddress
                0x00004d28       0x14 c:\Users\Rob\Documents\GitHub\Air-Quality-Kit\Firmware\Sources\Heltec Cube\build/core\core.a(sx126x.c.o)
                0x00004d28                SX126xSetBufferBaseAddress
 .text.SX126xGetRssiInst
                0x00004d3c       0x16 c:\Users\Rob\Documents\GitHub\Air-Quality-Kit\Firmware\Sources\Heltec Cube\build/core\core.a(sx126x.c.o)
                0x00004d3c                SX126xGetRssiInst
 *fill*         0x00004d52        0x2 
 .text.SX126xGetRxBufferStatus
                0x00004d54       0x48 c:\Users\Rob\Documents\GitHub\Air-Quality-Kit\Firmware\Sources\Heltec Cube\build/core\core.a(sx126x.c.o)
                0x00004d54                SX126xGetRxBufferStatus
 .text.SX126xGetPayload
                0x00004d9c       0x32 c:\Users\Rob\Documents\GitHub\Air-Quality-Kit\Firmware\Sources\Heltec Cube\build/core\core.a(sx126x.c.o)
                0x00004d9c                SX126xGetPayload
 *fill*         0x00004dce        0x2 
 .text.SX126xGetPacketStatus
                0x00004dd0       0x78 c:\Users\Rob\Documents\GitHub\Air-Quality-Kit\Firmware\Sources\Heltec Cube\build/core\core.a(sx126x.c.o)
                0x00004dd0                SX126xGetPacketStatus
 .text.SX126xClearIrqStatus
                0x00004e48       0x14 c:\Users\Rob\Documents\GitHub\Air-Quality-Kit\Firmware\Sources\Heltec Cube\build/core\core.a(sx126x.c.o)
                0x00004e48                SX126xClearIrqStatus
 .text.SetMlmeScheduleUplinkIndication
                0x00004e5c       0x14 c:\Users\Rob\Documents\GitHub\Air-Quality-Kit\Firmware\Sources\Heltec Cube\build/core\core.a(LoRaMac.c.o)
 .text.AddMacCommand
                0x00004e70      0x184 c:\Users\Rob\Documents\GitHub\Air-Quality-Kit\Firmware\Sources\Heltec Cube\build/core\core.a(LoRaMac.c.o)
 .text.ResetMacParameters
                0x00004ff4       0xbc c:\Users\Rob\Documents\GitHub\Air-Quality-Kit\Firmware\Sources\Heltec Cube\build/core\core.a(LoRaMac.c.o)
 .text.OnAckTimeoutTimerEvent
                0x000050b0       0x48 c:\Users\Rob\Documents\GitHub\Air-Quality-Kit\Firmware\Sources\Heltec Cube\build/core\core.a(LoRaMac.c.o)
 .text.ValidatePayloadLength
                0x000050f8       0x58 c:\Users\Rob\Documents\GitHub\Air-Quality-Kit\Firmware\Sources\Heltec Cube\build/core\core.a(LoRaMac.c.o)
 .text.PrepareRxDoneAbort
                0x00005150       0x40 c:\Users\Rob\Documents\GitHub\Air-Quality-Kit\Firmware\Sources\Heltec Cube\build/core\core.a(LoRaMac.c.o)
 .text.ProcessMacCommands
                0x00005190      0x42c c:\Users\Rob\Documents\GitHub\Air-Quality-Kit\Firmware\Sources\Heltec Cube\build/core\core.a(LoRaMac.c.o)
 .text.OnRadioRxDone
                0x000055bc      0x5fc c:\Users\Rob\Documents\GitHub\Air-Quality-Kit\Firmware\Sources\Heltec Cube\build/core\core.a(LoRaMac.c.o)
                0x000055bc                OnRadioRxDone
 .text.RxWindowSetup
                0x00005bb8       0x1c c:\Users\Rob\Documents\GitHub\Air-Quality-Kit\Firmware\Sources\Heltec Cube\build/core\core.a(LoRaMac.c.o)
 .text.OnRxWindow2TimerEvent
                0x00005bd4       0xa0 c:\Users\Rob\Documents\GitHub\Air-Quality-Kit\Firmware\Sources\Heltec Cube\build/core\core.a(LoRaMac.c.o)
 .text.OpenContinuousRx2Window
                0x00005c74       0x14 c:\Users\Rob\Documents\GitHub\Air-Quality-Kit\Firmware\Sources\Heltec Cube\build/core\core.a(LoRaMac.c.o)
 .text.OnRadioRxTimeout
                0x00005c88      0x100 c:\Users\Rob\Documents\GitHub\Air-Quality-Kit\Firmware\Sources\Heltec Cube\build/core\core.a(LoRaMac.c.o)
 .text.OnRadioTxTimeout
                0x00005d88       0x48 c:\Users\Rob\Documents\GitHub\Air-Quality-Kit\Firmware\Sources\Heltec Cube\build/core\core.a(LoRaMac.c.o)
 .text.OnRadioRxError
                0x00005dd0       0xfc c:\Users\Rob\Documents\GitHub\Air-Quality-Kit\Firmware\Sources\Heltec Cube\build/core\core.a(LoRaMac.c.o)
 .text.OnRadioTxDone
                0x00005ecc      0x154 c:\Users\Rob\Documents\GitHub\Air-Quality-Kit\Firmware\Sources\Heltec Cube\build/core\core.a(LoRaMac.c.o)
 .text.OnRxWindow1TimerEvent
                0x00006020       0x8c c:\Users\Rob\Documents\GitHub\Air-Quality-Kit\Firmware\Sources\Heltec Cube\build/core\core.a(LoRaMac.c.o)
 .text.PrepareFrame
                0x000060ac      0x378 c:\Users\Rob\Documents\GitHub\Air-Quality-Kit\Firmware\Sources\Heltec Cube\build/core\core.a(LoRaMac.c.o)
                0x000060ac                PrepareFrame
 .text.SendFrameOnChannel
                0x00006424      0x12c c:\Users\Rob\Documents\GitHub\Air-Quality-Kit\Firmware\Sources\Heltec Cube\build/core\core.a(LoRaMac.c.o)
                0x00006424                SendFrameOnChannel
 .text.ScheduleTx
                0x00006550      0x1a8 c:\Users\Rob\Documents\GitHub\Air-Quality-Kit\Firmware\Sources\Heltec Cube\build/core\core.a(LoRaMac.c.o)
 .text.Send     0x000066f8       0x64 c:\Users\Rob\Documents\GitHub\Air-Quality-Kit\Firmware\Sources\Heltec Cube\build/core\core.a(LoRaMac.c.o)
                0x000066f8                Send
 .text.OnTxDelayedTimerEvent
                0x0000675c       0x78 c:\Users\Rob\Documents\GitHub\Air-Quality-Kit\Firmware\Sources\Heltec Cube\build/core\core.a(LoRaMac.c.o)
 .text.OnMacStateCheckTimerEvent
                0x000067d4      0x340 c:\Users\Rob\Documents\GitHub\Air-Quality-Kit\Firmware\Sources\Heltec Cube\build/core\core.a(LoRaMac.c.o)
 .text.SetTxContinuousWave
                0x00006b14       0x64 c:\Users\Rob\Documents\GitHub\Air-Quality-Kit\Firmware\Sources\Heltec Cube\build/core\core.a(LoRaMac.c.o)
                0x00006b14                SetTxContinuousWave
 .text.SetTxContinuousWave1
                0x00006b78       0x3c c:\Users\Rob\Documents\GitHub\Air-Quality-Kit\Firmware\Sources\Heltec Cube\build/core\core.a(LoRaMac.c.o)
                0x00006b78                SetTxContinuousWave1
 .text.LoRaMacInitialization
                0x00006bb4      0x324 c:\Users\Rob\Documents\GitHub\Air-Quality-Kit\Firmware\Sources\Heltec Cube\build/core\core.a(LoRaMac.c.o)
                0x00006bb4                LoRaMacInitialization
 .text.LoRaMacQueryTxPossible
                0x00006ed8       0xe0 c:\Users\Rob\Documents\GitHub\Air-Quality-Kit\Firmware\Sources\Heltec Cube\build/core\core.a(LoRaMac.c.o)
                0x00006ed8                LoRaMacQueryTxPossible
 .text.LoRaMacMibGetRequestConfirm
                0x00006fb8      0x138 c:\Users\Rob\Documents\GitHub\Air-Quality-Kit\Firmware\Sources\Heltec Cube\build/core\core.a(LoRaMac.c.o)
                0x00006fb8                LoRaMacMibGetRequestConfirm
 .text.LoRaMacMulticastChannelLink
                0x000070f0       0x3c c:\Users\Rob\Documents\GitHub\Air-Quality-Kit\Firmware\Sources\Heltec Cube\build/core\core.a(LoRaMac.c.o)
                0x000070f0                LoRaMacMulticastChannelLink
 .text.LoRaMacMulticastChannelUnlink
                0x0000712c       0x40 c:\Users\Rob\Documents\GitHub\Air-Quality-Kit\Firmware\Sources\Heltec Cube\build/core\core.a(LoRaMac.c.o)
                0x0000712c                LoRaMacMulticastChannelUnlink
 .text.LoRaMacMibSetRequestConfirm
                0x0000716c      0x370 c:\Users\Rob\Documents\GitHub\Air-Quality-Kit\Firmware\Sources\Heltec Cube\build/core\core.a(LoRaMac.c.o)
                0x0000716c                LoRaMacMibSetRequestConfirm
 .text.LoRaMacMlmeRequest
                0x000074dc      0x234 c:\Users\Rob\Documents\GitHub\Air-Quality-Kit\Firmware\Sources\Heltec Cube\build/core\core.a(LoRaMac.c.o)
                0x000074dc                LoRaMacMlmeRequest
 .text.LoRaMacMcpsRequest
                0x00007710      0x144 c:\Users\Rob\Documents\GitHub\Air-Quality-Kit\Firmware\Sources\Heltec Cube\build/core\core.a(LoRaMac.c.o)
                0x00007710                LoRaMacMcpsRequest
 .text.LoRaMacConfirmQueueInit
                0x00007854       0x28 c:\Users\Rob\Documents\GitHub\Air-Quality-Kit\Firmware\Sources\Heltec Cube\build/core\core.a(LoRaMacConfirmQueue.c.o)
                0x00007854                LoRaMacConfirmQueueInit
 .text.LoRaMacConfirmQueueAdd
                0x0000787c       0x3c c:\Users\Rob\Documents\GitHub\Air-Quality-Kit\Firmware\Sources\Heltec Cube\build/core\core.a(LoRaMacConfirmQueue.c.o)
                0x0000787c                LoRaMacConfirmQueueAdd
 .text.LoRaMacConfirmQueueRemoveLast
                0x000078b8       0x28 c:\Users\Rob\Documents\GitHub\Air-Quality-Kit\Firmware\Sources\Heltec Cube\build/core\core.a(LoRaMacConfirmQueue.c.o)
                0x000078b8                LoRaMacConfirmQueueRemoveLast
 .text.LoRaMacConfirmQueueRemoveFirst
                0x000078e0       0x28 c:\Users\Rob\Documents\GitHub\Air-Quality-Kit\Firmware\Sources\Heltec Cube\build/core\core.a(LoRaMacConfirmQueue.c.o)
                0x000078e0                LoRaMacConfirmQueueRemoveFirst
 .text.LoRaMacConfirmQueueSetStatus
                0x00007908       0x38 c:\Users\Rob\Documents\GitHub\Air-Quality-Kit\Firmware\Sources\Heltec Cube\build/core\core.a(LoRaMacConfirmQueue.c.o)
                0x00007908                LoRaMacConfirmQueueSetStatus
 .text.LoRaMacConfirmQueueGetStatus
                0x00007940       0x38 c:\Users\Rob\Documents\GitHub\Air-Quality-Kit\Firmware\Sources\Heltec Cube\build/core\core.a(LoRaMacConfirmQueue.c.o)
                0x00007940                LoRaMacConfirmQueueGetStatus
 .text.LoRaMacConfirmQueueSetStatusCmn
                0x00007978       0x38 c:\Users\Rob\Documents\GitHub\Air-Quality-Kit\Firmware\Sources\Heltec Cube\build/core\core.a(LoRaMacConfirmQueue.c.o)
                0x00007978                LoRaMacConfirmQueueSetStatusCmn
 .text.LoRaMacConfirmQueueGetStatusCmn
                0x000079b0        0xc c:\Users\Rob\Documents\GitHub\Air-Quality-Kit\Firmware\Sources\Heltec Cube\build/core\core.a(LoRaMacConfirmQueue.c.o)
                0x000079b0                LoRaMacConfirmQueueGetStatusCmn
 .text.LoRaMacConfirmQueueIsCmdActive
                0x000079bc       0x30 c:\Users\Rob\Documents\GitHub\Air-Quality-Kit\Firmware\Sources\Heltec Cube\build/core\core.a(LoRaMacConfirmQueue.c.o)
                0x000079bc                LoRaMacConfirmQueueIsCmdActive
 .text.LoRaMacConfirmQueueHandleCb
                0x000079ec       0x54 c:\Users\Rob\Documents\GitHub\Air-Quality-Kit\Firmware\Sources\Heltec Cube\build/core\core.a(LoRaMacConfirmQueue.c.o)
                0x000079ec                LoRaMacConfirmQueueHandleCb
 .text.LoRaMacConfirmQueueGetCnt
                0x00007a40        0xc c:\Users\Rob\Documents\GitHub\Air-Quality-Kit\Firmware\Sources\Heltec Cube\build/core\core.a(LoRaMacConfirmQueue.c.o)
                0x00007a40                LoRaMacConfirmQueueGetCnt
 .text.LoRaMacConfirmQueueIsFull
                0x00007a4c       0x14 c:\Users\Rob\Documents\GitHub\Air-Quality-Kit\Firmware\Sources\Heltec Cube\build/core\core.a(LoRaMacConfirmQueue.c.o)
                0x00007a4c                LoRaMacConfirmQueueIsFull
 .text.LoRaMacComputeMic
                0x00007a60       0x88 c:\Users\Rob\Documents\GitHub\Air-Quality-Kit\Firmware\Sources\Heltec Cube\build/core\core.a(LoRaMacCrypto.c.o)
                0x00007a60                LoRaMacComputeMic
 .text.LoRaMacPayloadEncrypt
                0x00007ae8       0xec c:\Users\Rob\Documents\GitHub\Air-Quality-Kit\Firmware\Sources\Heltec Cube\build/core\core.a(LoRaMacCrypto.c.o)
                0x00007ae8                LoRaMacPayloadEncrypt
 .text.LoRaMacPayloadDecrypt
                0x00007bd4       0x1a c:\Users\Rob\Documents\GitHub\Air-Quality-Kit\Firmware\Sources\Heltec Cube\build/core\core.a(LoRaMacCrypto.c.o)
                0x00007bd4                LoRaMacPayloadDecrypt
 *fill*         0x00007bee        0x2 
 .text.LoRaMacJoinComputeMic
                0x00007bf0       0x54 c:\Users\Rob\Documents\GitHub\Air-Quality-Kit\Firmware\Sources\Heltec Cube\build/core\core.a(LoRaMacCrypto.c.o)
                0x00007bf0                LoRaMacJoinComputeMic
 .text.LoRaMacJoinDecrypt
                0x00007c44       0x48 c:\Users\Rob\Documents\GitHub\Air-Quality-Kit\Firmware\Sources\Heltec Cube\build/core\core.a(LoRaMacCrypto.c.o)
                0x00007c44                LoRaMacJoinDecrypt
 .text.LoRaMacJoinComputeSKeys
                0x00007c8c       0x9c c:\Users\Rob\Documents\GitHub\Air-Quality-Kit\Firmware\Sources\Heltec Cube\build/core\core.a(LoRaMacCrypto.c.o)
                0x00007c8c                LoRaMacJoinComputeSKeys
 .text.LoRaMacBeaconComputePingOffset
                0x00007d28       0x88 c:\Users\Rob\Documents\GitHub\Air-Quality-Kit\Firmware\Sources\Heltec Cube\build/core\core.a(LoRaMacCrypto.c.o)
                0x00007d28                LoRaMacBeaconComputePingOffset
 .text.RegionIsActive
                0x00007db0        0x8 c:\Users\Rob\Documents\GitHub\Air-Quality-Kit\Firmware\Sources\Heltec Cube\build/core\core.a(Region.c.o)
                0x00007db0                RegionIsActive
 .text.RegionGetPhyParam
                0x00007db8       0x18 c:\Users\Rob\Documents\GitHub\Air-Quality-Kit\Firmware\Sources\Heltec Cube\build/core\core.a(Region.c.o)
                0x00007db8                RegionGetPhyParam
 .text.RegionSetBandTxDone
                0x00007dd0        0xe c:\Users\Rob\Documents\GitHub\Air-Quality-Kit\Firmware\Sources\Heltec Cube\build/core\core.a(Region.c.o)
                0x00007dd0                RegionSetBandTxDone
 .text.RegionInitDefaults
                0x00007dde        0xe c:\Users\Rob\Documents\GitHub\Air-Quality-Kit\Firmware\Sources\Heltec Cube\build/core\core.a(Region.c.o)
                0x00007dde                RegionInitDefaults
 .text.RegionVerify
                0x00007dec       0x16 c:\Users\Rob\Documents\GitHub\Air-Quality-Kit\Firmware\Sources\Heltec Cube\build/core\core.a(Region.c.o)
                0x00007dec                RegionVerify
 .text.RegionApplyCFList
                0x00007e02        0xe c:\Users\Rob\Documents\GitHub\Air-Quality-Kit\Firmware\Sources\Heltec Cube\build/core\core.a(Region.c.o)
                0x00007e02                RegionApplyCFList
 .text.RegionChanMaskSet
                0x00007e10       0x12 c:\Users\Rob\Documents\GitHub\Air-Quality-Kit\Firmware\Sources\Heltec Cube\build/core\core.a(Region.c.o)
                0x00007e10                RegionChanMaskSet
 .text.RegionAdrNext
                0x00007e22       0x1a c:\Users\Rob\Documents\GitHub\Air-Quality-Kit\Firmware\Sources\Heltec Cube\build/core\core.a(Region.c.o)
                0x00007e22                RegionAdrNext
 .text.RegionComputeRxWindowParameters
                0x00007e3c       0x16 c:\Users\Rob\Documents\GitHub\Air-Quality-Kit\Firmware\Sources\Heltec Cube\build/core\core.a(Region.c.o)
                0x00007e3c                RegionComputeRxWindowParameters
 .text.RegionRxConfig
                0x00007e52       0x16 c:\Users\Rob\Documents\GitHub\Air-Quality-Kit\Firmware\Sources\Heltec Cube\build/core\core.a(Region.c.o)
                0x00007e52                RegionRxConfig
 .text.RegionTxConfig
                0x00007e68       0x18 c:\Users\Rob\Documents\GitHub\Air-Quality-Kit\Firmware\Sources\Heltec Cube\build/core\core.a(Region.c.o)
                0x00007e68                RegionTxConfig
 .text.RegionLinkAdrReq
                0x00007e80       0x1e c:\Users\Rob\Documents\GitHub\Air-Quality-Kit\Firmware\Sources\Heltec Cube\build/core\core.a(Region.c.o)
                0x00007e80                RegionLinkAdrReq
 .text.RegionRxParamSetupReq
                0x00007e9e       0x12 c:\Users\Rob\Documents\GitHub\Air-Quality-Kit\Firmware\Sources\Heltec Cube\build/core\core.a(Region.c.o)
                0x00007e9e                RegionRxParamSetupReq
 .text.RegionNewChannelReq
                0x00007eb0       0x12 c:\Users\Rob\Documents\GitHub\Air-Quality-Kit\Firmware\Sources\Heltec Cube\build/core\core.a(Region.c.o)
                0x00007eb0                RegionNewChannelReq
 .text.RegionTxParamSetupReq
                0x00007ec2       0x12 c:\Users\Rob\Documents\GitHub\Air-Quality-Kit\Firmware\Sources\Heltec Cube\build/core\core.a(Region.c.o)
                0x00007ec2                RegionTxParamSetupReq
 .text.RegionDlChannelReq
                0x00007ed4       0x12 c:\Users\Rob\Documents\GitHub\Air-Quality-Kit\Firmware\Sources\Heltec Cube\build/core\core.a(Region.c.o)
                0x00007ed4                RegionDlChannelReq
 .text.RegionAlternateDr
                0x00007ee6       0x12 c:\Users\Rob\Documents\GitHub\Air-Quality-Kit\Firmware\Sources\Heltec Cube\build/core\core.a(Region.c.o)
                0x00007ee6                RegionAlternateDr
 .text.RegionCalcBackOff
                0x00007ef8        0xe c:\Users\Rob\Documents\GitHub\Air-Quality-Kit\Firmware\Sources\Heltec Cube\build/core\core.a(Region.c.o)
                0x00007ef8                RegionCalcBackOff
 .text.RegionNextChannel
                0x00007f06       0x1a c:\Users\Rob\Documents\GitHub\Air-Quality-Kit\Firmware\Sources\Heltec Cube\build/core\core.a(Region.c.o)
                0x00007f06                RegionNextChannel
 .text.RegionSetContinuousWave
                0x00007f20        0xe c:\Users\Rob\Documents\GitHub\Air-Quality-Kit\Firmware\Sources\Heltec Cube\build/core\core.a(Region.c.o)
                0x00007f20                RegionSetContinuousWave
 .text.RegionApplyDrOffset
                0x00007f2e       0x18 c:\Users\Rob\Documents\GitHub\Air-Quality-Kit\Firmware\Sources\Heltec Cube\build/core\core.a(Region.c.o)
                0x00007f2e                RegionApplyDrOffset
 .text.RegionRxBeaconSetup
                0x00007f46       0x12 c:\Users\Rob\Documents\GitHub\Air-Quality-Kit\Firmware\Sources\Heltec Cube\build/core\core.a(Region.c.o)
                0x00007f46                RegionRxBeaconSetup
 .text.VerifyTxFreq
                0x00007f58       0x9c c:\Users\Rob\Documents\GitHub\Air-Quality-Kit\Firmware\Sources\Heltec Cube\build/core\core.a(RegionEU868.c.o)
 .text.RegionEU868GetPhyParam
                0x00007ff4       0xfc c:\Users\Rob\Documents\GitHub\Air-Quality-Kit\Firmware\Sources\Heltec Cube\build/core\core.a(RegionEU868.c.o)
                0x00007ff4                RegionEU868GetPhyParam
 .text.RegionEU868SetBandTxDone
                0x000080f0       0x28 c:\Users\Rob\Documents\GitHub\Air-Quality-Kit\Firmware\Sources\Heltec Cube\build/core\core.a(RegionEU868.c.o)
                0x000080f0                RegionEU868SetBandTxDone
 .text.RegionEU868InitDefaults
                0x00008118       0x50 c:\Users\Rob\Documents\GitHub\Air-Quality-Kit\Firmware\Sources\Heltec Cube\build/core\core.a(RegionEU868.c.o)
                0x00008118                RegionEU868InitDefaults
 .text.RegionEU868Verify
                0x00008168       0x4e c:\Users\Rob\Documents\GitHub\Air-Quality-Kit\Firmware\Sources\Heltec Cube\build/core\core.a(RegionEU868.c.o)
                0x00008168                RegionEU868Verify
 *fill*         0x000081b6        0x2 
 .text.RegionEU868ChanMaskSet
                0x000081b8       0x2c c:\Users\Rob\Documents\GitHub\Air-Quality-Kit\Firmware\Sources\Heltec Cube\build/core\core.a(RegionEU868.c.o)
                0x000081b8                RegionEU868ChanMaskSet
 .text.RegionEU868AdrNext
                0x000081e4       0x7c c:\Users\Rob\Documents\GitHub\Air-Quality-Kit\Firmware\Sources\Heltec Cube\build/core\core.a(RegionEU868.c.o)
                0x000081e4                RegionEU868AdrNext
 .text.RegionEU868ComputeRxWindowParameters
                0x00008260       0x78 c:\Users\Rob\Documents\GitHub\Air-Quality-Kit\Firmware\Sources\Heltec Cube\build/core\core.a(RegionEU868.c.o)
                0x00008260                RegionEU868ComputeRxWindowParameters
 .text.RegionEU868RxConfig
                0x000082d8       0xec c:\Users\Rob\Documents\GitHub\Air-Quality-Kit\Firmware\Sources\Heltec Cube\build/core\core.a(RegionEU868.c.o)
                0x000082d8                RegionEU868RxConfig
 .text.RegionEU868TxConfig
                0x000083c4      0x12c c:\Users\Rob\Documents\GitHub\Air-Quality-Kit\Firmware\Sources\Heltec Cube\build/core\core.a(RegionEU868.c.o)
                0x000083c4                RegionEU868TxConfig
 .text.RegionEU868LinkAdrReq
                0x000084f0      0x134 c:\Users\Rob\Documents\GitHub\Air-Quality-Kit\Firmware\Sources\Heltec Cube\build/core\core.a(RegionEU868.c.o)
                0x000084f0                RegionEU868LinkAdrReq
 .text.RegionEU868RxParamSetupReq
                0x00008624       0x48 c:\Users\Rob\Documents\GitHub\Air-Quality-Kit\Firmware\Sources\Heltec Cube\build/core\core.a(RegionEU868.c.o)
                0x00008624                RegionEU868RxParamSetupReq
 .text.RegionEU868TxParamSetupReq
                0x0000866c        0x6 c:\Users\Rob\Documents\GitHub\Air-Quality-Kit\Firmware\Sources\Heltec Cube\build/core\core.a(RegionEU868.c.o)
                0x0000866c                RegionEU868TxParamSetupReq
 *fill*         0x00008672        0x2 
 .text.RegionEU868DlChannelReq
                0x00008674       0x40 c:\Users\Rob\Documents\GitHub\Air-Quality-Kit\Firmware\Sources\Heltec Cube\build/core\core.a(RegionEU868.c.o)
                0x00008674                RegionEU868DlChannelReq
 .text.RegionEU868AlternateDr
                0x000086b4       0x3e c:\Users\Rob\Documents\GitHub\Air-Quality-Kit\Firmware\Sources\Heltec Cube\build/core\core.a(RegionEU868.c.o)
                0x000086b4                RegionEU868AlternateDr
 *fill*         0x000086f2        0x2 
 .text.RegionEU868CalcBackOff
                0x000086f4       0x88 c:\Users\Rob\Documents\GitHub\Air-Quality-Kit\Firmware\Sources\Heltec Cube\build/core\core.a(RegionEU868.c.o)
                0x000086f4                RegionEU868CalcBackOff
 .text.RegionEU868NextChannel
                0x0000877c      0x14c c:\Users\Rob\Documents\GitHub\Air-Quality-Kit\Firmware\Sources\Heltec Cube\build/core\core.a(RegionEU868.c.o)
                0x0000877c                RegionEU868NextChannel
 .text.RegionEU868ChannelAdd
                0x000088c8       0xd0 c:\Users\Rob\Documents\GitHub\Air-Quality-Kit\Firmware\Sources\Heltec Cube\build/core\core.a(RegionEU868.c.o)
                0x000088c8                RegionEU868ChannelAdd
 .text.RegionEU868ChannelsRemove
                0x00008998       0x30 c:\Users\Rob\Documents\GitHub\Air-Quality-Kit\Firmware\Sources\Heltec Cube\build/core\core.a(RegionEU868.c.o)
                0x00008998                RegionEU868ChannelsRemove
 .text.RegionEU868ApplyCFList
                0x000089c8       0x6c c:\Users\Rob\Documents\GitHub\Air-Quality-Kit\Firmware\Sources\Heltec Cube\build/core\core.a(RegionEU868.c.o)
                0x000089c8                RegionEU868ApplyCFList
 .text.RegionEU868NewChannelReq
                0x00008a34       0x50 c:\Users\Rob\Documents\GitHub\Air-Quality-Kit\Firmware\Sources\Heltec Cube\build/core\core.a(RegionEU868.c.o)
                0x00008a34                RegionEU868NewChannelReq
 .text.RegionEU868SetContinuousWave
                0x00008a84       0x50 c:\Users\Rob\Documents\GitHub\Air-Quality-Kit\Firmware\Sources\Heltec Cube\build/core\core.a(RegionEU868.c.o)
                0x00008a84                RegionEU868SetContinuousWave
 .text.RegionEU868ApplyDrOffset
                0x00008ad4       0x10 c:\Users\Rob\Documents\GitHub\Air-Quality-Kit\Firmware\Sources\Heltec Cube\build/core\core.a(RegionEU868.c.o)
                0x00008ad4                RegionEU868ApplyDrOffset
 .text.RegionEU868RxBeaconSetup
                0x00008ae4       0x38 c:\Users\Rob\Documents\GitHub\Air-Quality-Kit\Firmware\Sources\Heltec Cube\build/core\core.a(RegionEU868.c.o)
                0x00008ae4                RegionEU868RxBeaconSetup
 .text.xor_block
                0x00008b1c       0x82 c:\Users\Rob\Documents\GitHub\Air-Quality-Kit\Firmware\Sources\Heltec Cube\build/core\core.a(aes.c.o)
 .text.copy_and_key
                0x00008b9e       0x84 c:\Users\Rob\Documents\GitHub\Air-Quality-Kit\Firmware\Sources\Heltec Cube\build/core\core.a(aes.c.o)
 *fill*         0x00008c22        0x2 
 .text.aes_set_key
                0x00008c24      0x10c c:\Users\Rob\Documents\GitHub\Air-Quality-Kit\Firmware\Sources\Heltec Cube\build/core\core.a(aes.c.o)
                0x00008c24                aes_set_key
 .text.aes_encrypt
                0x00008d30      0x28c c:\Users\Rob\Documents\GitHub\Air-Quality-Kit\Firmware\Sources\Heltec Cube\build/core\core.a(aes.c.o)
                0x00008d30                aes_encrypt
 .text.AES_CMAC_Init
                0x00008fbc       0x1e c:\Users\Rob\Documents\GitHub\Air-Quality-Kit\Firmware\Sources\Heltec Cube\build/core\core.a(cmac.c.o)
                0x00008fbc                AES_CMAC_Init
 .text.AES_CMAC_SetKey
                0x00008fda       0x10 c:\Users\Rob\Documents\GitHub\Air-Quality-Kit\Firmware\Sources\Heltec Cube\build/core\core.a(cmac.c.o)
                0x00008fda                AES_CMAC_SetKey
 .text.AES_CMAC_Update
                0x00008fea       0xb0 c:\Users\Rob\Documents\GitHub\Air-Quality-Kit\Firmware\Sources\Heltec Cube\build/core\core.a(cmac.c.o)
                0x00008fea                AES_CMAC_Update
 .text.AES_CMAC_Final
                0x0000909a      0x140 c:\Users\Rob\Documents\GitHub\Air-Quality-Kit\Firmware\Sources\Heltec Cube\build/core\core.a(cmac.c.o)
                0x0000909a                AES_CMAC_Final
 *fill*         0x000091da        0x2 
 .text.DelayMs  0x000091dc       0x10 c:\Users\Rob\Documents\GitHub\Air-Quality-Kit\Firmware\Sources\Heltec Cube\build/core\core.a(delay.c.o)
                0x000091dc                DelayMs
 .text.LowPower_Handler
                0x000091ec       0x44 c:\Users\Rob\Documents\GitHub\Air-Quality-Kit\Firmware\Sources\Heltec Cube\build/core\core.a(low_power.c.o)
                0x000091ec                LowPower_Handler
 .text.rand1    0x00009230       0x2c c:\Users\Rob\Documents\GitHub\Air-Quality-Kit\Firmware\Sources\Heltec Cube\build/core\core.a(utilities.c.o)
                0x00009230                rand1
 .text.srand1   0x0000925c        0xc c:\Users\Rob\Documents\GitHub\Air-Quality-Kit\Firmware\Sources\Heltec Cube\build/core\core.a(utilities.c.o)
                0x0000925c                srand1
 .text.randr    0x00009268       0x16 c:\Users\Rob\Documents\GitHub\Air-Quality-Kit\Firmware\Sources\Heltec Cube\build/core\core.a(utilities.c.o)
                0x00009268                randr
 .text.memcpy1  0x0000927e       0x12 c:\Users\Rob\Documents\GitHub\Air-Quality-Kit\Firmware\Sources\Heltec Cube\build/core\core.a(utilities.c.o)
                0x0000927e                memcpy1
 .text.memcpyr  0x00009290       0x18 c:\Users\Rob\Documents\GitHub\Air-Quality-Kit\Firmware\Sources\Heltec Cube\build/core\core.a(utilities.c.o)
                0x00009290                memcpyr
 .text.memset1  0x000092a8       0x18 c:\Users\Rob\Documents\GitHub\Air-Quality-Kit\Firmware\Sources\Heltec Cube\build/core\core.a(utilities.c.o)
                0x000092a8                memset1
 .text.printchar
                0x000092c0       0x22 c:\Users\Rob\Documents\GitHub\Air-Quality-Kit\Firmware\Sources\Heltec Cube\build/core\core.a(printf.c.o)
 .text.prints   0x000092e2       0x88 c:\Users\Rob\Documents\GitHub\Air-Quality-Kit\Firmware\Sources\Heltec Cube\build/core\core.a(printf.c.o)
 .text.printi   0x0000936a       0xfa c:\Users\Rob\Documents\GitHub\Air-Quality-Kit\Firmware\Sources\Heltec Cube\build/core\core.a(printf.c.o)
 .text.tiny_print
                0x00009464      0x1d8 c:\Users\Rob\Documents\GitHub\Air-Quality-Kit\Firmware\Sources\Heltec Cube\build/core\core.a(printf.c.o)
 .text.__wrap_printf
                0x0000963c       0x1a c:\Users\Rob\Documents\GitHub\Air-Quality-Kit\Firmware\Sources\Heltec Cube\build/core\core.a(printf.c.o)
                0x0000963c                __wrap_printf
 .text.__wrap_sprintf
                0x00009656       0x1c c:\Users\Rob\Documents\GitHub\Air-Quality-Kit\Firmware\Sources\Heltec Cube\build/core\core.a(printf.c.o)
                0x00009656                __wrap_sprintf
 .text.IntDefaultHandler
                0x00009672       0x10 c:\Users\Rob\Documents\GitHub\Air-Quality-Kit\Firmware\Sources\Heltec Cube\build/core\core.a(Cm0plusStart.c.o)
                0x00009672                IntDefaultHandler
 .text._exit    0x00009682        0xa c:\Users\Rob\Documents\GitHub\Air-Quality-Kit\Firmware\Sources\Heltec Cube\build/core\core.a(Cm0plusStart.c.o)
                0x00009682                _exit
 .text._sbrk    0x0000968c       0x30 c:\Users\Rob\Documents\GitHub\Air-Quality-Kit\Firmware\Sources\Heltec Cube\build/core\core.a(Cm0plusStart.c.o)
                0x0000968c                _sbrk
 .text.Start_c  0x000096bc       0x4c c:\Users\Rob\Documents\GitHub\Air-Quality-Kit\Firmware\Sources\Heltec Cube\build/core\core.a(Cm0plusStart.c.o)
                0x000096bc                Start_c
 .text.startup.initialize_psoc
                0x00009708       0x48 c:\Users\Rob\Documents\GitHub\Air-Quality-Kit\Firmware\Sources\Heltec Cube\build/core\core.a(Cm0plusStart.c.o)
                0x00009708                initialize_psoc
 .text.CySysFlashClockBackup
                0x00009750       0x48 c:\Users\Rob\Documents\GitHub\Air-Quality-Kit\Firmware\Sources\Heltec Cube\build/core\core.a(CyFlash.c.o)
 .text.CySysFlashClockConfig
                0x00009798       0x38 c:\Users\Rob\Documents\GitHub\Air-Quality-Kit\Firmware\Sources\Heltec Cube\build/core\core.a(CyFlash.c.o)
 .text.CySysFlashClockRestore
                0x000097d0       0x48 c:\Users\Rob\Documents\GitHub\Air-Quality-Kit\Firmware\Sources\Heltec Cube\build/core\core.a(CyFlash.c.o)
 .text.CySysFlashWriteRow
                0x00009818       0xe4 c:\Users\Rob\Documents\GitHub\Air-Quality-Kit\Firmware\Sources\Heltec Cube\build/core\core.a(CyFlash.c.o)
                0x00009818                CySysFlashWriteRow
 .text.CySysFlashSetWaitCycles
                0x000098fc       0x50 c:\Users\Rob\Documents\GitHub\Air-Quality-Kit\Firmware\Sources\Heltec Cube\build/core\core.a(CyFlash.c.o)
                0x000098fc                CySysFlashSetWaitCycles
 .text.CySysSFlashWriteUserRow
                0x0000994c       0xd0 c:\Users\Rob\Documents\GitHub\Air-Quality-Kit\Firmware\Sources\Heltec Cube\build/core\core.a(CyFlash.c.o)
                0x0000994c                CySysSFlashWriteUserRow
 .text.CySysClkWcoSetHighPowerMode
                0x00009a1c       0x34 c:\Users\Rob\Documents\GitHub\Air-Quality-Kit\Firmware\Sources\Heltec Cube\build/core\core.a(CyLFClk.c.o)
 .text.CySysClkWcoStart
                0x00009a50       0x18 c:\Users\Rob\Documents\GitHub\Air-Quality-Kit\Firmware\Sources\Heltec Cube\build/core\core.a(CyLFClk.c.o)
                0x00009a50                CySysClkWcoStart
 .text.CySysClkWcoEnabled
                0x00009a68        0xc c:\Users\Rob\Documents\GitHub\Air-Quality-Kit\Firmware\Sources\Heltec Cube\build/core\core.a(CyLFClk.c.o)
                0x00009a68                CySysClkWcoEnabled
 .text.CySysWdtDisable
                0x00009a74       0x10 c:\Users\Rob\Documents\GitHub\Air-Quality-Kit\Firmware\Sources\Heltec Cube\build/core\core.a(CyLFClk.c.o)
                0x00009a74                CySysWdtDisable
 .text.CySysClkSetTimerSource
                0x00009a84       0x60 c:\Users\Rob\Documents\GitHub\Air-Quality-Kit\Firmware\Sources\Heltec Cube\build/core\core.a(CyLFClk.c.o)
                0x00009a84                CySysClkSetTimerSource
 .text.CySysTimerGetEnabledStatus
                0x00009ae4       0x24 c:\Users\Rob\Documents\GitHub\Air-Quality-Kit\Firmware\Sources\Heltec Cube\build/core\core.a(CyLFClk.c.o)
                0x00009ae4                CySysTimerGetEnabledStatus
 .text.CySysTimerSetMode
                0x00009b08       0x40 c:\Users\Rob\Documents\GitHub\Air-Quality-Kit\Firmware\Sources\Heltec Cube\build/core\core.a(CyLFClk.c.o)
                0x00009b08                CySysTimerSetMode
 .text.CySysTimerSetClearOnMatch
                0x00009b48       0x38 c:\Users\Rob\Documents\GitHub\Air-Quality-Kit\Firmware\Sources\Heltec Cube\build/core\core.a(CyLFClk.c.o)
                0x00009b48                CySysTimerSetClearOnMatch
 .text.CySysTimerEnable
                0x00009b80       0x38 c:\Users\Rob\Documents\GitHub\Air-Quality-Kit\Firmware\Sources\Heltec Cube\build/core\core.a(CyLFClk.c.o)
                0x00009b80                CySysTimerEnable
 .text.CySysTimerDisable
                0x00009bb8       0x38 c:\Users\Rob\Documents\GitHub\Air-Quality-Kit\Firmware\Sources\Heltec Cube\build/core\core.a(CyLFClk.c.o)
                0x00009bb8                CySysTimerDisable
 .text.CySysTimerSetCascade
                0x00009bf0       0x34 c:\Users\Rob\Documents\GitHub\Air-Quality-Kit\Firmware\Sources\Heltec Cube\build/core\core.a(CyLFClk.c.o)
                0x00009bf0                CySysTimerSetCascade
 .text.CySysTimerSetMatch
                0x00009c24       0x50 c:\Users\Rob\Documents\GitHub\Air-Quality-Kit\Firmware\Sources\Heltec Cube\build/core\core.a(CyLFClk.c.o)
                0x00009c24                CySysTimerSetMatch
 .text.CySysTimerSetToggleBit
                0x00009c74       0x2c c:\Users\Rob\Documents\GitHub\Air-Quality-Kit\Firmware\Sources\Heltec Cube\build/core\core.a(CyLFClk.c.o)
                0x00009c74                CySysTimerSetToggleBit
 .text.CySysTimerGetCount
                0x00009ca0       0x38 c:\Users\Rob\Documents\GitHub\Air-Quality-Kit\Firmware\Sources\Heltec Cube\build/core\core.a(CyLFClk.c.o)
                0x00009ca0                CySysTimerGetCount
 .text.CySysTimerClearInterrupt
                0x00009cd8       0x2c c:\Users\Rob\Documents\GitHub\Air-Quality-Kit\Firmware\Sources\Heltec Cube\build/core\core.a(CyLFClk.c.o)
                0x00009cd8                CySysTimerClearInterrupt
 .text.CySysTimerSetInterruptCallback
                0x00009d04       0x20 c:\Users\Rob\Documents\GitHub\Air-Quality-Kit\Firmware\Sources\Heltec Cube\build/core\core.a(CyLFClk.c.o)
                0x00009d04                CySysTimerSetInterruptCallback
 .text.CySysTimerEnableIsr
                0x00009d24       0x34 c:\Users\Rob\Documents\GitHub\Air-Quality-Kit\Firmware\Sources\Heltec Cube\build/core\core.a(CyLFClk.c.o)
                0x00009d24                CySysTimerEnableIsr
 .text.CySysTimerDisableIsr
                0x00009d58       0x28 c:\Users\Rob\Documents\GitHub\Air-Quality-Kit\Firmware\Sources\Heltec Cube\build/core\core.a(CyLFClk.c.o)
                0x00009d58                CySysTimerDisableIsr
 .text.CySysTimerIsr
                0x00009d80       0xa0 c:\Users\Rob\Documents\GitHub\Air-Quality-Kit\Firmware\Sources\Heltec Cube\build/core\core.a(CyLFClk.c.o)
                0x00009d80                CySysTimerIsr
 .text.CySysTimerResetCounters
                0x00009e20       0x1c c:\Users\Rob\Documents\GitHub\Air-Quality-Kit\Firmware\Sources\Heltec Cube\build/core\core.a(CyLFClk.c.o)
                0x00009e20                CySysTimerResetCounters
 .text.CySysClkImoDisableWcoLock
                0x00009e3c       0x14 c:\Users\Rob\Documents\GitHub\Air-Quality-Kit\Firmware\Sources\Heltec Cube\build/core\core.a(CyLib.c.o)
                0x00009e3c                CySysClkImoDisableWcoLock
 .text.CySysClkImoGetWcoLock
                0x00009e50       0x10 c:\Users\Rob\Documents\GitHub\Air-Quality-Kit\Firmware\Sources\Heltec Cube\build/core\core.a(CyLib.c.o)
                0x00009e50                CySysClkImoGetWcoLock
 .text.CySysClkWriteHfclkDirect
                0x00009e60       0x74 c:\Users\Rob\Documents\GitHub\Air-Quality-Kit\Firmware\Sources\Heltec Cube\build/core\core.a(CyLib.c.o)
                0x00009e60                CySysClkWriteHfclkDirect
 .text.CyIntSetVector
                0x00009ed4       0x18 c:\Users\Rob\Documents\GitHub\Air-Quality-Kit\Firmware\Sources\Heltec Cube\build/core\core.a(CyLib.c.o)
                0x00009ed4                CyIntSetVector
 .text.CyIntSetPriority
                0x00009eec       0x40 c:\Users\Rob\Documents\GitHub\Air-Quality-Kit\Firmware\Sources\Heltec Cube\build/core\core.a(CyLib.c.o)
                0x00009eec                CyIntSetPriority
 .text.CyIntEnable
                0x00009f2c       0x14 c:\Users\Rob\Documents\GitHub\Air-Quality-Kit\Firmware\Sources\Heltec Cube\build/core\core.a(CyLib.c.o)
                0x00009f2c                CyIntEnable
 .text.CyIntDisable
                0x00009f40       0x14 c:\Users\Rob\Documents\GitHub\Air-Quality-Kit\Firmware\Sources\Heltec Cube\build/core\core.a(CyLib.c.o)
                0x00009f40                CyIntDisable
 .text.CyIntClearPending
                0x00009f54       0x14 c:\Users\Rob\Documents\GitHub\Air-Quality-Kit\Firmware\Sources\Heltec Cube\build/core\core.a(CyLib.c.o)
                0x00009f54                CyIntClearPending
 .text.CyHalt   0x00009f68        0x4 c:\Users\Rob\Documents\GitHub\Air-Quality-Kit\Firmware\Sources\Heltec Cube\build/core\core.a(CyLib.c.o)
                0x00009f68                CyHalt
 .text.CyDelay  0x00009f6c       0x2c c:\Users\Rob\Documents\GitHub\Air-Quality-Kit\Firmware\Sources\Heltec Cube\build/core\core.a(CyLib.c.o)
                0x00009f6c                CyDelay
 .text.CySysClkImoEnableWcoLock
                0x00009f98       0xbc c:\Users\Rob\Documents\GitHub\Air-Quality-Kit\Firmware\Sources\Heltec Cube\build/core\core.a(CyLib.c.o)
                0x00009f98                CySysClkImoEnableWcoLock
 .text.CySysClkWriteImoFreq
                0x0000a054       0xbc c:\Users\Rob\Documents\GitHub\Air-Quality-Kit\Firmware\Sources\Heltec Cube\build/core\core.a(CyLib.c.o)
                0x0000a054                CySysClkWriteImoFreq
 .text.CyDelayUs
                0x0000a110       0x14 c:\Users\Rob\Documents\GitHub\Air-Quality-Kit\Firmware\Sources\Heltec Cube\build/core\core.a(CyLib.c.o)
                0x0000a110                CyDelayUs
 .text.CySysTickInit
                0x0000a124       0x54 c:\Users\Rob\Documents\GitHub\Air-Quality-Kit\Firmware\Sources\Heltec Cube\build/core\core.a(CyLib.c.o)
                0x0000a124                CySysTickInit
 .text.CySysTickStop
                0x0000a178       0x10 c:\Users\Rob\Documents\GitHub\Air-Quality-Kit\Firmware\Sources\Heltec Cube\build/core\core.a(CyLib.c.o)
                0x0000a178                CySysTickStop
 .text.CySysTickEnableInterrupt
                0x0000a188       0x10 c:\Users\Rob\Documents\GitHub\Air-Quality-Kit\Firmware\Sources\Heltec Cube\build/core\core.a(CyLib.c.o)
                0x0000a188                CySysTickEnableInterrupt
 .text.CySysTickEnable
                0x0000a198       0x18 c:\Users\Rob\Documents\GitHub\Air-Quality-Kit\Firmware\Sources\Heltec Cube\build/core\core.a(CyLib.c.o)
                0x0000a198                CySysTickEnable
 .text.CySysTickStart
                0x0000a1b0       0x1c c:\Users\Rob\Documents\GitHub\Air-Quality-Kit\Firmware\Sources\Heltec Cube\build/core\core.a(CyLib.c.o)
                0x0000a1b0                CySysTickStart
 .text.CySysTickDisableInterrupt
                0x0000a1cc       0x10 c:\Users\Rob\Documents\GitHub\Air-Quality-Kit\Firmware\Sources\Heltec Cube\build/core\core.a(CyLib.c.o)
                0x0000a1cc                CySysTickDisableInterrupt
 .text.CySysTickGetCountFlag
                0x0000a1dc       0x10 c:\Users\Rob\Documents\GitHub\Air-Quality-Kit\Firmware\Sources\Heltec Cube\build/core\core.a(CyLib.c.o)
                0x0000a1dc                CySysTickGetCountFlag
 .text.CySysTickServiceCallbacks
                0x0000a1ec       0x24 c:\Users\Rob\Documents\GitHub\Air-Quality-Kit\Firmware\Sources\Heltec Cube\build/core\core.a(CyLib.c.o)
 .text.CySysTickSetCallback
                0x0000a210       0x10 c:\Users\Rob\Documents\GitHub\Air-Quality-Kit\Firmware\Sources\Heltec Cube\build/core\core.a(CyLib.c.o)
                0x0000a210                CySysTickSetCallback
 .text.CyGetUniqueId
                0x0000a220       0x74 c:\Users\Rob\Documents\GitHub\Air-Quality-Kit\Firmware\Sources\Heltec Cube\build/core\core.a(CyLib.c.o)
                0x0000a220                CyGetUniqueId
 .text.SPI_1_Enable
                0x0000a294       0x18 c:\Users\Rob\Documents\GitHub\Air-Quality-Kit\Firmware\Sources\Heltec Cube\build/core\core.a(SPI_1.c.o)
                0x0000a294                SPI_1_Enable
 .text.SPI_1_Start
                0x0000a2ac       0x1c c:\Users\Rob\Documents\GitHub\Air-Quality-Kit\Firmware\Sources\Heltec Cube\build/core\core.a(SPI_1.c.o)
                0x0000a2ac                SPI_1_Start
 .text.SPI_1_Stop
                0x0000a2c8       0x20 c:\Users\Rob\Documents\GitHub\Air-Quality-Kit\Firmware\Sources\Heltec Cube\build/core\core.a(SPI_1.c.o)
                0x0000a2c8                SPI_1_Stop
 .text.SPI_1_SpiPostEnable
                0x0000a2e8       0x24 c:\Users\Rob\Documents\GitHub\Air-Quality-Kit\Firmware\Sources\Heltec Cube\build/core\core.a(SPI_1_SPI.c.o)
                0x0000a2e8                SPI_1_SpiPostEnable
 .text.SPI_1_SpiStop
                0x0000a30c       0x3c c:\Users\Rob\Documents\GitHub\Air-Quality-Kit\Firmware\Sources\Heltec Cube\build/core\core.a(SPI_1_SPI.c.o)
                0x0000a30c                SPI_1_SpiStop
 .text.SPI_1_SpiSetActiveSlaveSelect
                0x0000a348       0x20 c:\Users\Rob\Documents\GitHub\Air-Quality-Kit\Firmware\Sources\Heltec Cube\build/core\core.a(SPI_1_SPI.c.o)
                0x0000a348                SPI_1_SpiSetActiveSlaveSelect
 .text.SPI_1_SpiInit
                0x0000a368       0x88 c:\Users\Rob\Documents\GitHub\Air-Quality-Kit\Firmware\Sources\Heltec Cube\build/core\core.a(SPI_1_SPI.c.o)
                0x0000a368                SPI_1_SpiInit
 .text.SPI_1_SpiUartReadRxData
                0x0000a3f0        0xc c:\Users\Rob\Documents\GitHub\Air-Quality-Kit\Firmware\Sources\Heltec Cube\build/core\core.a(SPI_1_SPI_UART.c.o)
                0x0000a3f0                SPI_1_SpiUartReadRxData
 .text.SPI_1_SpiUartGetRxBufferSize
                0x0000a3fc       0x10 c:\Users\Rob\Documents\GitHub\Air-Quality-Kit\Firmware\Sources\Heltec Cube\build/core\core.a(SPI_1_SPI_UART.c.o)
                0x0000a3fc                SPI_1_SpiUartGetRxBufferSize
 .text.SPI_1_SpiUartWriteTxData
                0x0000a40c       0x1c c:\Users\Rob\Documents\GitHub\Air-Quality-Kit\Firmware\Sources\Heltec Cube\build/core\core.a(SPI_1_SPI_UART.c.o)
                0x0000a40c                SPI_1_SpiUartWriteTxData
 .text.SPI_1_SpiUartGetTxBufferSize
                0x0000a428       0x10 c:\Users\Rob\Documents\GitHub\Air-Quality-Kit\Firmware\Sources\Heltec Cube\build/core\core.a(SPI_1_SPI_UART.c.o)
                0x0000a428                SPI_1_SpiUartGetTxBufferSize
 .text.SPI_1_sclk_m_SetDriveMode
                0x0000a438       0x18 c:\Users\Rob\Documents\GitHub\Air-Quality-Kit\Firmware\Sources\Heltec Cube\build/core\core.a(SPI_1_sclk_m.c.o)
                0x0000a438                SPI_1_sclk_m_SetDriveMode
 .text.SPI_1_sclk_m_Write
                0x0000a450       0x18 c:\Users\Rob\Documents\GitHub\Air-Quality-Kit\Firmware\Sources\Heltec Cube\build/core\core.a(SPI_1_sclk_m.c.o)
                0x0000a450                SPI_1_sclk_m_Write
 .text.UART_1_SpiUartReadRxData
                0x0000a468        0xc c:\Users\Rob\Documents\GitHub\Air-Quality-Kit\Firmware\Sources\Heltec Cube\build/core\core.a(UART_1_SPI_UART.c.o)
                0x0000a468                UART_1_SpiUartReadRxData
 .text.UART_1_SpiUartGetRxBufferSize
                0x0000a474       0x10 c:\Users\Rob\Documents\GitHub\Air-Quality-Kit\Firmware\Sources\Heltec Cube\build/core\core.a(UART_1_SPI_UART.c.o)
                0x0000a474                UART_1_SpiUartGetRxBufferSize
 .text.UART_1_SpiUartClearRxBuffer
                0x0000a484       0x20 c:\Users\Rob\Documents\GitHub\Air-Quality-Kit\Firmware\Sources\Heltec Cube\build/core\core.a(UART_1_SPI_UART.c.o)
                0x0000a484                UART_1_SpiUartClearRxBuffer
 .text.UART_1_SpiUartWriteTxData
                0x0000a4a4       0x1c c:\Users\Rob\Documents\GitHub\Air-Quality-Kit\Firmware\Sources\Heltec Cube\build/core\core.a(UART_1_SPI_UART.c.o)
                0x0000a4a4                UART_1_SpiUartWriteTxData
 .text.UART_1_SpiUartGetTxBufferSize
                0x0000a4c0       0x10 c:\Users\Rob\Documents\GitHub\Air-Quality-Kit\Firmware\Sources\Heltec Cube\build/core\core.a(UART_1_SPI_UART.c.o)
                0x0000a4c0                UART_1_SpiUartGetTxBufferSize
 .text.UART_1_SpiUartClearTxBuffer
                0x0000a4d0       0x20 c:\Users\Rob\Documents\GitHub\Air-Quality-Kit\Firmware\Sources\Heltec Cube\build/core\core.a(UART_1_SPI_UART.c.o)
                0x0000a4d0                UART_1_SpiUartClearTxBuffer
 .text.startup._GLOBAL__sub_I__ZN8SPIClassC2Eh
                0x0000a4f0       0x10 c:\Users\Rob\Documents\GitHub\Air-Quality-Kit\Firmware\Sources\Heltec Cube\build/core\core.a(SPI.cpp.o)
 .text._ZN14HardwareSerial4peekEv
                0x0000a500        0x4 c:\Users\Rob\Documents\GitHub\Air-Quality-Kit\Firmware\Sources\Heltec Cube\build/core\core.a(HardwareSerial.cpp.o)
                0x0000a500                HardwareSerial::availableForWrite()
                0x0000a500                HardwareSerial::peek()
 .text._ZN14HardwareSerialD2Ev
                0x0000a504        0x2 c:\Users\Rob\Documents\GitHub\Air-Quality-Kit\Firmware\Sources\Heltec Cube\build/core\core.a(HardwareSerial.cpp.o)
                0x0000a504                HardwareSerial::~HardwareSerial()
                0x0000a504                HardwareSerial::~HardwareSerial()
 .text._ZN14HardwareSerial9availableEv
                0x0000a506        0x8 c:\Users\Rob\Documents\GitHub\Air-Quality-Kit\Firmware\Sources\Heltec Cube\build/core\core.a(HardwareSerial.cpp.o)
                0x0000a506                HardwareSerial::available()
 .text._ZN14HardwareSerial4readEv
                0x0000a50e       0x18 c:\Users\Rob\Documents\GitHub\Air-Quality-Kit\Firmware\Sources\Heltec Cube\build/core\core.a(HardwareSerial.cpp.o)
                0x0000a50e                HardwareSerial::read()
 .text._ZN14HardwareSerial5flushEv
                0x0000a526        0xc c:\Users\Rob\Documents\GitHub\Air-Quality-Kit\Firmware\Sources\Heltec Cube\build/core\core.a(HardwareSerial.cpp.o)
                0x0000a526                HardwareSerial::flush()
 .text._ZN14HardwareSerial5writeEh
                0x0000a532        0xc c:\Users\Rob\Documents\GitHub\Air-Quality-Kit\Firmware\Sources\Heltec Cube\build/core\core.a(HardwareSerial.cpp.o)
                0x0000a532                HardwareSerial::write(unsigned char)
 .text._ZN14HardwareSerial5writeEPKhj
                0x0000a53e       0x1a c:\Users\Rob\Documents\GitHub\Air-Quality-Kit\Firmware\Sources\Heltec Cube\build/core\core.a(HardwareSerial.cpp.o)
                0x0000a53e                HardwareSerial::write(unsigned char const*, unsigned int)
 .text._ZN14HardwareSerialD0Ev
                0x0000a558        0xc c:\Users\Rob\Documents\GitHub\Air-Quality-Kit\Firmware\Sources\Heltec Cube\build/core\core.a(HardwareSerial.cpp.o)
                0x0000a558                HardwareSerial::~HardwareSerial()
 .text._ZN14HardwareSerial5beginEmmaabm
                0x0000a564       0x68 c:\Users\Rob\Documents\GitHub\Air-Quality-Kit\Firmware\Sources\Heltec Cube\build/core\core.a(HardwareSerial.cpp.o)
                0x0000a564                HardwareSerial::begin(unsigned long, unsigned long, signed char, signed char, bool, unsigned long)
 .text.startup._GLOBAL__sub_I_Serial
                0x0000a5cc       0x34 c:\Users\Rob\Documents\GitHub\Air-Quality-Kit\Firmware\Sources\Heltec Cube\build/core\core.a(HardwareSerial.cpp.o)
 .text._ZN7TwoWireD2Ev
                0x0000a600        0x2 c:\Users\Rob\Documents\GitHub\Air-Quality-Kit\Firmware\Sources\Heltec Cube\build/core\core.a(Wire.cpp.o)
                0x0000a600                TwoWire::~TwoWire()
                0x0000a600                TwoWire::~TwoWire()
 .text._ZN7TwoWire5writeEPKhj
                0x0000a602       0x24 c:\Users\Rob\Documents\GitHub\Air-Quality-Kit\Firmware\Sources\Heltec Cube\build/core\core.a(Wire.cpp.o)
                0x0000a602                TwoWire::write(unsigned char const*, unsigned int)
 .text._ZN7TwoWire9availableEv
                0x0000a626        0xe c:\Users\Rob\Documents\GitHub\Air-Quality-Kit\Firmware\Sources\Heltec Cube\build/core\core.a(Wire.cpp.o)
                0x0000a626                TwoWire::available()
 .text._ZN7TwoWire4readEv
                0x0000a634       0x20 c:\Users\Rob\Documents\GitHub\Air-Quality-Kit\Firmware\Sources\Heltec Cube\build/core\core.a(Wire.cpp.o)
                0x0000a634                TwoWire::read()
 .text._ZN7TwoWire4peekEv
                0x0000a654       0x1c c:\Users\Rob\Documents\GitHub\Air-Quality-Kit\Firmware\Sources\Heltec Cube\build/core\core.a(Wire.cpp.o)
                0x0000a654                TwoWire::peek()
 .text._ZN7TwoWireD0Ev
                0x0000a670        0xc c:\Users\Rob\Documents\GitHub\Air-Quality-Kit\Firmware\Sources\Heltec Cube\build/core\core.a(Wire.cpp.o)
                0x0000a670                TwoWire::~TwoWire()
 .text._ZN7TwoWire5flushEv
                0x0000a67c       0x50 c:\Users\Rob\Documents\GitHub\Air-Quality-Kit\Firmware\Sources\Heltec Cube\build/core\core.a(Wire.cpp.o)
                0x0000a67c                TwoWire::flush()
 .text._ZN7TwoWire5writeEh
                0x0000a6cc       0x40 c:\Users\Rob\Documents\GitHub\Air-Quality-Kit\Firmware\Sources\Heltec Cube\build/core\core.a(Wire.cpp.o)
                0x0000a6cc                TwoWire::write(unsigned char)
 .text._ZN7TwoWireC2Eh
                0x0000a70c       0x48 c:\Users\Rob\Documents\GitHub\Air-Quality-Kit\Firmware\Sources\Heltec Cube\build/core\core.a(Wire.cpp.o)
                0x0000a70c                TwoWire::TwoWire(unsigned char)
                0x0000a70c                TwoWire::TwoWire(unsigned char)
 .text._ZN7TwoWire5beginEiim
                0x0000a754       0x10 c:\Users\Rob\Documents\GitHub\Air-Quality-Kit\Firmware\Sources\Heltec Cube\build/core\core.a(Wire.cpp.o)
                0x0000a754                TwoWire::begin(int, int, unsigned long)
 .text._ZN7TwoWire17writeTransmissionEtPhtb
                0x0000a764       0x50 c:\Users\Rob\Documents\GitHub\Air-Quality-Kit\Firmware\Sources\Heltec Cube\build/core\core.a(Wire.cpp.o)
                0x0000a764                TwoWire::writeTransmission(unsigned short, unsigned char*, unsigned short, bool)
 .text._ZN7TwoWire16readTransmissionEtPhtbPm
                0x0000a7b4       0x60 c:\Users\Rob\Documents\GitHub\Air-Quality-Kit\Firmware\Sources\Heltec Cube\build/core\core.a(Wire.cpp.o)
                0x0000a7b4                TwoWire::readTransmission(unsigned short, unsigned char*, unsigned short, bool, unsigned long*)
 .text._ZN7TwoWire15endTransmissionEb
                0x0000a814       0x66 c:\Users\Rob\Documents\GitHub\Air-Quality-Kit\Firmware\Sources\Heltec Cube\build/core\core.a(Wire.cpp.o)
                0x0000a814                TwoWire::endTransmission(bool)
 .text._ZN7TwoWire11requestFromEthb
                0x0000a87a       0x72 c:\Users\Rob\Documents\GitHub\Air-Quality-Kit\Firmware\Sources\Heltec Cube\build/core\core.a(Wire.cpp.o)
                0x0000a87a                TwoWire::requestFrom(unsigned short, unsigned char, bool)
 .text._ZN7TwoWire11requestFromEii
                0x0000a8ec        0xe c:\Users\Rob\Documents\GitHub\Air-Quality-Kit\Firmware\Sources\Heltec Cube\build/core\core.a(Wire.cpp.o)
                0x0000a8ec                TwoWire::requestFrom(int, int)
 .text._ZN7TwoWire17beginTransmissionEi
                0x0000a8fa       0x1e c:\Users\Rob\Documents\GitHub\Air-Quality-Kit\Firmware\Sources\Heltec Cube\build/core\core.a(Wire.cpp.o)
                0x0000a8fa                TwoWire::beginTransmission(int)
 .text._ZN7TwoWire15endTransmissionEv
                0x0000a918        0xa c:\Users\Rob\Documents\GitHub\Air-Quality-Kit\Firmware\Sources\Heltec Cube\build/core\core.a(Wire.cpp.o)
                0x0000a918                TwoWire::endTransmission()
 *fill*         0x0000a922        0x2 
 .text.startup._GLOBAL__sub_I__ZN7TwoWireC2Eh
                0x0000a924       0x44 c:\Users\Rob\Documents\GitHub\Air-Quality-Kit\Firmware\Sources\Heltec Cube\build/core\core.a(Wire.cpp.o)
 .text._ZN5Print5writeEPKc
                0x0000a968       0x1c c:\Users\Rob\Documents\GitHub\Air-Quality-Kit\Firmware\Sources\Heltec Cube\build/core\core.a(Print.cpp.o)
                0x0000a968                Print::write(char const*)
 .text._ZN5Print6printfEPKcz